[ambersway.com/index.html]
[gmpg.org/xfn/11.html]
[backblue.gif]
[fade.gif]
[index.html]
[ambersway.com/remote-login4f98.html]
[fonts-api.wp.com/css2901.css]
[s0.wp.com/wp-content/mu-plugins/global-print/global-printa1cf.css]
[s0.wp.com/_static/indexb207.html]
[ambersway.com/comments/feed/index.html]
[s0.wp.com/wp-content/themes/h4/global21a2.css]
[s0.wp.com/_static/indexba8e.html]
[s0.wp.com/_static/index36c5.html]
[ambersway.com/feed/index.html]
[amberswayblog.wordpress.com/xmlrpc0db0.php]
[s0.wp.com/wp-includes/wlwmanifest.xml]
[ambersway.com/osd.xml]
[s1.wp.com/opensearch.xml]
[amberswayblog.files.wordpress.com/2018/03/psx_20180329_084836176ca.jpg]
[amberswayblog.files.wordpress.com/2018/03/psx_20180329_08483619939.jpg]
[amberswayblog.files.wordpress.com/2018/03/psx_20180329_0848361ad83.jpg]
[amberswayblog.files.wordpress.com/2018/03/psx_20180329_084836-e1522349449569.jpg]
[amberswayblog.files.wordpress.com/2018/03/cropped-img_20180119_1719553.jpg]
[public-api.wordpress.com/oembed/index9c4e.html]
[public-api.wordpress.com/oembed/index10c3.html]
[ambersway.com/2018/03/21/day-0-before/index.html]
[amberswayblog.files.wordpress.com/2018/03/dsc003903401656035197076267.jpg]
[ambersway.com/2018/03/22/day-1-carons-morning/index.html]
[ambersway.com/2018/03/22/amber-update-day-1-following-surgery/index.html]
[ambersway.com/2018/03/23/day-1-evening/index.html]
[amberswayblog.files.wordpress.com/2018/03/img_20180330_214324165354935.jpg]
[ambersway.com/2018/03/23/day-2-morning/index.html]
[ambersway.com/2018/03/23/amber-update-day-2/index.html]
[ambersway.com/2018/03/23/day-2-morning-2/index.html]
[amberswayblog.files.wordpress.com/2018/03/img_20180330_1139421028595568.jpg]
[ambersway.com/2018/03/23/day-2-evening/index.html]
[ambersway.com/2018/03/25/day-4-evening/index.html]
[ambersway.com/2018/03/24/day-3-evening/index.html]
[amberswayblog.files.wordpress.com/2018/04/img_20180401_0756461947066827.jpg]
[ambersway.com/2018/03/26/amber-update-day-5-morning-update/index.html]
[ambersway.com/2018/03/27/amber-update-day-6-early-edition/index.html]
[ambersway.com/2018/03/27/day-6-evening-edition/index.html]
[amberswayblog.files.wordpress.com/2018/04/img_20180403_065535813485151.jpg]
[ambersway.com/2018/03/28/day-7-a-blog/index.html]
[ambersway.com/2018/03/28/day-7-wed-march-28th/index.html]
[ambersway.com/2018/03/29/day-8-morning-edition/index.html]
[amberswayblog.files.wordpress.com/2018/04/img_20180412_1437131732088629.jpg]
[ambersway.com/2018/03/30/day-9-evening-edition/index.html]
[ambersway.com/2018/03/29/day-8-late-edition/index.html]
[ambersway.com/2018/03/30/day-9-morning/index.html]
[amberswayblog.files.wordpress.com/2018/04/img_20180420_10491626380613076158696915.jpg]
[ambersway.com/2018/03/30/father-charlie-a-blessed/index.html]
[ambersway.com/2018/03/31/day-10/index.html]
[ambersway.com/2018/03/30/so-much-love-support/index.html]
[amberswayblog.files.wordpress.com/2018/04/img_20180427_114025-e1524883278961.jpg]
[ambersway.com/2018/04/01/day-11-easter/index.html]
[ambersway.com/2018/04/02/day-12-a-thumbs-up/index.html]
[ambersway.com/2018/04/03/day-13-the-elephant-and-the-whale/index.html]
[amberswayblog.files.wordpress.com/2018/04/amber20180322.jpg]
[ambersway.com/2018/04/05/day-15-elephant-steaks/index.html]
[ambersway.com/2018/04/05/day-15-evening-edition/index.html]
[ambersway.com/2018/04/04/day-14-my-super-hero/index.html]
[ambersway.com/2018/04/06/day-16-evening-edition/index.html]
[amberswayblog.files.wordpress.com/2018/04/signal-2018-04-30-2011272944859534021307549.jpg]
[ambersway.com/2018/04/08/a-mothers-self-doubt/index.html]
[ambersway.com/2018/04/07/day-17-evening-addition/index.html]
[ambersway.com/2018/04/07/day-17-a-note-of-thanks/index.html]
[amberswayblog.files.wordpress.com/2018/05/img_1066-024422958413502530723.jpg]
[ambersway.com/2018/04/08/day-18-a-day-of-rest/index.html]
[ambersway.com/2018/04/09/day-19-a-moving-day/index.html]
[amberswayblog.files.wordpress.com/2018/05/img_20180510_092001489-e1525984970655.png]
[ambersway.com/2018/04/11/day-21-ice-cream-for-breakfast/index.html]
[ambersway.com/2018/04/10/day-20-cool-blue/index.html]
[ambersway.com/2018/04/12/day-22-snuggle-time/index.html]
[ambersway.com/2018/04/12/day-22-evening-addition/index.html]
[amberswayblog.files.wordpress.com/2018/05/img_20180510_111643302-e1525985513474.png]
[ambersway.com/2018/04/14/day-24-a-word-is-worth-a-thousand-pictures/index.html]
[ambersway.com/2018/04/13/day-23-late-edition/index.html]
[amberswayblog.files.wordpress.com/2018/05/20180510_125028.png]
[ambersway.com/2018/04/13/day-23-she-blew-me-a-kiss/index.html]
[ambersway.com/2018/04/15/day-25-sunday-rest-day/index.html]
[ambersway.com/2018/04/16/day-26-looking-good/index.html]
[amberswayblog.files.wordpress.com/2018/05/20180510_164044.png]
[ambersway.com/2018/04/18/day-27-pudding-a-graham-cracker-juice-oh-my/index.html]
[ambersway.com/2018/04/18/day-28-the-voice-of-an-angel/index.html]
[amberswayblog.files.wordpress.com/2018/05/radmask-e1526167301597.jpg]
[ambersway.com/2018/04/20/day-30-getting-into-a-cycle/index.html]
[ambersway.com/2018/04/19/day-29-4-weeks/index.html]
[ambersway.com/2018/04/21/day-31-day-31-really/index.html]
[ambersway.com/2018/04/22/day-32-questions-and-some-spinach/index.html]
[amberswayblog.files.wordpress.com/2018/05/img_20180513_113512443-1-01319120516924340818.jpg]
[ambersway.com/2018/04/23/day-33-busy-monday/index.html]
[ambersway.com/2018/04/25/day-35-bacon-🥓/index.html]
[ambersway.com/2018/04/24/day-34-stand-up-cheer/index.html]
[ambersway.com/2018/04/26/day-36-tiny-but-mighty-steps/index.html]
[amberswayblog.files.wordpress.com/2018/05/amberhw-e1526351965813b550.jpg]
[ambersway.com/2018/04/29/day-39-the-start-to-a-big-week-ahead/index.html]
[ambersway.com/2018/04/27/day-37-superhero-day/index.html]
[ambersway.com/2018/04/28/day-38-be-not-afraid/index.html]
[amberswayblog.files.wordpress.com/2018/05/amber_sundae-800x640d209.jpg]
[ambersway.com/2018/04/30/day-40-bracing-ourselves/index.html]
[ambersway.com/2018/05/02/day-42-steps-in-the-journey/index.html]
[ambersway.com/2018/05/01/day-41-its-not-quite-brain-surgery/index.html]
[amberswayblog.files.wordpress.com/2018/05/sundae-x800f20a.jpg]
[ambersway.com/2018/05/05/day-45-50-feet-counting/index.html]
[ambersway.com/2018/05/04/day-44-here-be-dragons/index.html]
[ambersway.com/2018/05/03/day-43-surgery-went-well/index.html]
[amberswayblog.files.wordpress.com/2018/05/mugsley-4in.jpg]
[ambersway.com/2018/05/06/day-46-love-support-and-encouragement/index.html]
[ambersway.com/2018/05/07/day-47-ambers-way/index.html]
[ambersway.com/2018/05/08/day-48-almost-there/index.html]
[amberswayblog.files.wordpress.com/2018/05/amberwish-clearer.png]
[ambersway.com/2018/05/11/day-51-simple-laughter/index.html]
[ambersway.com/2018/05/09/day-49-theres-no-place-like-home/index.html]
[ambersway.com/2018/05/10/day-50-were-home/index.html]
[amberswayblog.files.wordpress.com/2018/05/danceflowers.png]
[ambersway.com/2018/05/12/day-52-the-first-bite-of-the-whale/index.html]
[ambersway.com/2018/05/13/day-53-ultimate-mothers-day/index.html]
[ambersway.com/2018/05/14/day-54-adjusting-well/index.html]
[amberswayblog.files.wordpress.com/2018/05/outside.png]
[ambersway.com/2018/05/15/day-55-a-better-understanding/index.html]
[ambersway.com/2018/05/17/day-57-radiation-countdown/index.html]
[ambersway.com/2018/05/16/day-56-therapies/index.html]
[amberswayblog.files.wordpress.com/2018/06/amber-e1528421439459.jpg]
[ambersway.com/2018/05/18/day-58-the-beat-of-her-own-drum/index.html]
[ambersway.com/2018/05/20/day-60-another-quiet-sunday/index.html]
[ambersway.com/2018/05/19/day-59-sundae-saturday/index.html]
[amberswayblog.files.wordpress.com/2018/06/img_20180617_120600157_hdrc6eb.jpg]
[ambersway.com/2018/05/22/day-62-lives-touched/index.html]
[ambersway.com/2018/05/21/day-61-an-almost-perfect-day/index.html]
[ambersway.com/2018/05/23/day-63-not-enough-time-in-the-day/index.html]
[amberswayblog.files.wordpress.com/2018/06/img_20180617_121143607_hdr.jpg]
[ambersway.com/2018/05/26/day-66-a-fairly-normal-day/index.html]
[ambersway.com/2018/05/25/day-65-ambers-selfless-wish/index.html]
[ambersway.com/2018/05/24/day-64-vitamin-d-and-puppy-love/index.html]
[amberswayblog.files.wordpress.com/2018/06/am2-e152987993943548bd.jpg]
[ambersway.com/2018/05/28/day-68-memorial-day/index.html]
[ambersway.com/2018/05/29/day-69-until-next-time-or-until-we-have-something-interesting-to-say/index.html]
[ambersway.com/2018/05/27/day-67-dance-recital/index.html]
[amberswayblog.files.wordpress.com/2018/06/radiation-crew-e1530224470849.jpg]
[ambersway.com/2018/06/04/day-75-no-more-stinkin-stitches/index.html]
[ambersway.com/2018/06/03/day-74-a-stranger-with-the-same-fight/index.html]
[ambersway.com/2018/06/07/day-78-a-special-ending-to-a-long-day/index.html]
[amberswayblog.files.wordpress.com/2018/07/dsc01251az2dff.jpg]
[ambersway.com/2018/06/10/day-81-our-church-away-from-church/index.html]
[ambersway.com/2018/06/17/day-88-fathers-day-determination/index.html]
[ambersway.com/2018/06/14/day-85-with-a-hug-i-love-you/index.html]
[amberswayblog.files.wordpress.com/2018/07/dsc01770z.jpg]
[ambersway.com/2018/07/15/day-116-the-beach-it-soothes-the-soul/index.html]
[ambersway.com/2018/06/24/day-95-the-truth-machine/index.html]
[ambersway.com/2018/06/28/day-99-a-bittersweet-day/index.html]
[amberswayblog.files.wordpress.com/2018/07/img_20180711_152926950_hdrz-e1531689654461.jpg]
[amberswayblog.files.wordpress.com/2018/07/bikeblogc6eb.jpg]
[ambersway.com/2018/07/22/day-123-ambers-way-around/index.html]
[amberswayblog.files.wordpress.com/2018/07/saltyblogc6eb.jpg]
[amberswayblog.files.wordpress.com/2018/07/starsandstripesblogc114.jpg]
[amberswayblog.files.wordpress.com/2018/07/forblog.jpg]
[amberswayblog.files.wordpress.com/2018/07/maw-hi.png]
[ambersway.com/2018/07/29/day-130-turns-out-this-week-was-pretty-awesome/index.html]
[ambersway.com/2018/07/25/day-126-its-a-high-five-kind-of-day/index.html]
[amberswayblog.files.wordpress.com/2018/08/img_20180813_17032110226890536450112265711.jpg]
[amberswayblog.files.wordpress.com/2018/08/img_20180814_0903247762-01-017187015663025327041.jpg]
[ambersway.com/2018/08/14/day-145-a-twist-of-fate/index.html]
[amberswayblog.files.wordpress.com/2018/08/blogac6eb.jpg]
[amberswayblog.files.wordpress.com/2018/08/blogbbbbd.jpg]
[ambersway.com/2018/08/26/day-158-wishes-do-come-true/index.html]
[amberswayblog.files.wordpress.com/2018/08/blogcc6eb.jpg]
[amberswayblog.files.wordpress.com/2018/08/blogpbbbd.jpg]
[amberswayblog.files.wordpress.com/2018/08/blogdbbbd.jpg]
[amberswayblog.files.wordpress.com/2018/08/blogfebf4.jpg]
[amberswayblog.files.wordpress.com/2018/08/blogec6eb.jpg]
[amberswayblog.files.wordpress.com/2018/08/bloggebf4.jpg]
[amberswayblog.files.wordpress.com/2018/08/blogjc6eb.jpg]
[amberswayblog.files.wordpress.com/2018/08/blogic6eb.jpg]
[amberswayblog.files.wordpress.com/2018/08/bloghebf4.jpg]
[amberswayblog.files.wordpress.com/2018/08/blogmebf4.jpg]
[amberswayblog.files.wordpress.com/2018/08/blogkc6eb.jpg]
[amberswayblog.files.wordpress.com/2018/08/blogn.jpg]
[amberswayblog.files.wordpress.com/2018/09/blogbc6eb.jpg]
[amberswayblog.files.wordpress.com/2018/09/bloga.jpg]
[amberswayblog.files.wordpress.com/2018/09/null.png]
[ambersway.com/2018/09/02/day-165-the-proof-is-in-the-prayer/index.html]
[ambersway.com/2018/09/07/day-170-lost-a-battle-but-the-war-isnt-over/index.html]
[ambersway.com/2018/09/12/day-175-next-step/index.html]
[amberswayblog.files.wordpress.com/2018/09/null1.png]
[ambersway.com/2018/09/13/day-176-waiting/index.html]
[ambersway.com/2018/09/14/day-177-good-news/index.html]
[ambersway.com/2018/09/17/day-180-superheroes-pay-it-forward/index.html]
[amberswayblog.files.wordpress.com/2018/10/dsc03824ablebf4.jpg]
[ambersway.com/2018/09/30/day-193-superheroes-pay-it-forward-and-then-some/index.html]
[ambersway.com/2018/09/25/day-188-a-rainy-day-in-nyc/index.html]
[ambersway.com/2018/09/28/day-191-big-hope-in-the-big-apple-and-some-big-sadness-too/index.html]
[amberswayblog.files.wordpress.com/2018/10/dsc03976ablebf4.jpg]
[ambersway.com/2018/10/02/day-195-round-1/index.html]
[ambersway.com/2018/10/04/day-197-happy-7th-year-of-life-amber-grace/index.html]
[amberswayblog.files.wordpress.com/2018/10/dsc04021ablebf4.jpg]
[amberswayblog.files.wordpress.com/2018/11/img_20181031_180733246ablog.jpg]
[ambersway.com/2018/10/21/day-214-a-heartfelt-thank-you-whats-next/index.html]
[ambersway.com/2018/10/23/day-216-round-2-in-nyc/index.html]
[amberswayblog.files.wordpress.com/2019/04/img_20190404_124435502blog-e155439663621736cc.jpg]
[ambersway.com/2018/11/03/day-227-a-very-happy-halloween-next-mri/index.html]
[ambersway.com/2018/11/05/day-229-maybe/index.html]
[ambersway.com/2018/11/25/day-249-being-thankful/index.html]
[0.gravatar.com/js/gprofiles7138.js]
[ambersway.com/2018/12/03/day-257-a-let-down-day/index.html]
[ambersway.com/2018/12/08/day-262-speed-bump/index.html]
[ambersway.com/2018/12/09/day-263-morning-update/index.html]
[ambersway.com/2018/12/11/day-265-heavy-hearts/index.html]
[s0.wp.com/wp-content/mu-plugins/gravatar-hovercards/wpgrohodc5c.js]
[ambersway.com/2018/12/13/day-267-peace-calm-comfort/index.html]
[ambersway.com/2018/12/15/day-269/index.html]
[amberswayblog.files.wordpress.com/2018/03/psx_20180329_0848361ae05.jpg]
[ambersway.com/2018/12/16/day-270-not-much-longer/index.html]
[ambersway.com/2018/12/17/day-271-keeping-it-sassy/index.html]
[ambersway.com/2018/12/17/day-271-monday-december-17-2018-455-pm-est/index.html]
[ambersway.com/2018/12/18/day-272-revisiting-day-271/index.html]
[s0.wp.com/wp-content/mu-plugins/actionbar/actionbar2866.css]
[ambersway.com/2018/12/19/day-273-planning-the-services/index.html]
[ambersway.com/2018/12/20/day-274-obituary/index.html]
[s0.wp.com/wp-content/mu-plugins/actionbar/actionbarb516.js]
[ambersway.com/2018/12/24/day-278-angels-among-us/index.html]
[ambersway.com/2018/12/31/day-285-new-years-resolution/index.html]
[ambersway.com/2019/03/22/day-366-from-hell-to-heaven/index.html]
[ambersway.com/wp-content/plugins/ie-sitemode/custom-jumplist.php]
[ambersway.com/index.html]
[s0.wp.com/_static/index5617.html]
[ambersway.com/2019/04/04/day-379-life-doesnt-stop-after-death/index.html]
[gmpg.org/xfn/default.css]
[gmpg.org/xfn/.html]
[gmpg.org/xfn/intro.html]
[gmpg.org/xfn/faq.html]
[gmpg.org/xfn/11.html]
[ambersway.com/remote-login4f98.html]
[s0.wp.com/index.html]
[amberswayblog.wordpress.com/index.html]
[fonts-api.wp.com/index.html]
[fonts.gstatic.com/index.html]
[s0.wp.com/_static/indexb207.html]
[s0.wp.com/_static/indexba8e.html]
[fonts-api.wp.com/css2901.css]
[s0.wp.com/_static/index36c5.html]
[s0.wp.com/_static/index025e.html]
[ambersway.com/2018/03/21/day-0-before/index.html]
[ambersway.com/2018/03/22/day-1-carons-morning/index.html]
[ambersway.com/2018/03/22/day-1-carons-morning/feed/index.html]
[ambersway.com/author/caronsmith280318/index.html]
[ambersway.com/wp-content/js/bilmur.min63d2.js]
[ambersway.com/2018/03/22/amber-update-day-1-following-surgery/index.html]
[ambersway.com/2018/03/23/day-1-evening/index.html]
[ambersway.com/author/forsetti/index.html]
[ambersway.com/2018/03/23/day-2-morning/index.html]
[ambersway.com/2018/03/23/day-2-morning-2/index.html]
[ambersway.com/2018/03/23/amber-update-day-2/index.html]
[ambersway.com/2018/03/23/day-2-evening/index.html]
[ambersway.com/2018/03/24/day-3-evening/index.html]
[ambersway.com/2018/03/25/day-4-evening/index.html]
[ambersway.com/2018/03/26/amber-update-day-5-morning-update/index.html]
[ambersway.com/2018/03/27/amber-update-day-6-early-edition/index.html]
[ambersway.com/2018/03/27/day-6-evening-edition/index.html]
[ambersway.com/2018/03/27/amber-update-day-6-early-edition/feed/index.html]
[amberswayblog.files.wordpress.com/2018/03/cropped-img_20180119_17195536b8b.jpg]
[ambersway.com/2018/03/28/day-7-a-blog/index.html]
[ambersway.com/2018/03/28/day-7-a-blog/feed/index.html]
[s0.wp.com/_static/indexb46b.html]
[0.gravatar.com/avatar/6b6dcbf5949ca5d3b12a112c4f6e13f75055.png]
[ambersway.com/2018/03/28/day-7-wed-march-28th/index.html]
[ambersway.com/2018/03/28/day-7-wed-march-28th/feed/index.html]
[0.gravatar.com/avatar/fa2aa4513e0f5c80c43d3b1de1caaca65055.png]
[0.gravatar.com/avatar/cffbe726dc8bda62c8c882c3c4cc00d95055.png]
[ambersway.com/2018/03/29/day-8-morning-edition/feed/index.html]
[2.gravatar.com/avatar/2510e8266fc2dd69902992940ce234e05055.png]
[1.gravatar.com/avatar/757cad3e0492a8d7bd69253beebf04195055.png]
[2.gravatar.com/avatar/29c8d1c987f8cb6b33eba8c417a891365055.png]
[ambersway.com/2018/03/29/day-8-morning-edition/index.html]
[0.gravatar.com/avatar/f7f88c7aec96e39fb1c1d494e53f01df5055.png]
[0.gravatar.com/avatar/fd87e198c006d0037a6c9635233c4ca75055.png]
[ambersway.com/2018/03/29/day-8-late-edition/feed/index.html]
[2.gravatar.com/avatar/b89bf9baffd8bccae4baa6b14b9d59b05055.png]
[ambersway.com/2018/03/29/day-8-late-edition/index.html]
[amberswayblog.files.wordpress.com/2018/03/dsc0039034016560351970762674829.jpg]
[0.gravatar.com/avatar/f01eaefa076c2c239d02edfee13a46c45055.png]
[ambersway.com/2018/03/30/day-9-morning/feed/index.html]
[0.gravatar.com/avatar/f7a25571f810d86d7bb5e232fc6291645055.png]
[0.gravatar.com/avatar/cea9c8a5e6d0e9c84490f1650e5f33925055.png]
[1.gravatar.com/avatar/43796fd88b6fc0b783b3cde7b08ba4d85055.png]
[1.gravatar.com/avatar/d3ecdacba189357b62be98b5ccd933d35055.png]
[0.gravatar.com/avatar/0353cc9a7bf4704fb714cea8088308945055.png]
[2.gravatar.com/avatar/57f2ffc6852d5e189be0cf38e52b27135055.png]
[ambersway.com/2018/03/30/day-9-morning/index.html]
[ambersway.com/2018/03/30/day-9-evening-edition/feed/index.html]
[0.gravatar.com/avatar/9a008f2800b770a1f26639844f13fb5b5055.png]
[0.gravatar.com/avatar/64fb7cb60632b3b36b6a0014203b2d115055.png]
[0.gravatar.com/avatar/caa351e44af07e10be2a6b476af728875055.png]
[1.gravatar.com/avatar/da435a825c1ac9b82abaadaeda3629ad5055.png]
[ambersway.com/2018/03/30/day-9-evening-edition/index.html]
[ambersway.com/2018/03/30/so-much-love-support/feed/index.html]
[amberswayblog.files.wordpress.com/2018/03/img_20180330_2143241653549354829.jpg]
[amberswayblog.files.wordpress.com/2018/03/img_20180330_11394210285955684829.jpg]
[2.gravatar.com/avatar/eb0c6ba01d23f01c8632ad8a5b53ce885055.png]
[1.gravatar.com/avatar/dc0ed874f90fd58849c13d342221c0925055.png]
[ambersway.com/2018/03/30/so-much-love-support/index.html]
[ambersway.com/2018/03/30/father-charlie-a-blessed/feed/index.html]
[2.gravatar.com/avatar/e0f6e0e1ac0e5fb6c253558eada2a6275055.png]
[0.gravatar.com/avatar/ff2c23a47c9926d08ffe38c18d40f67a5055.png]
[0.gravatar.com/avatar/34f2b519f1bb0a4e24899f6b834b3dfa5055.png]
[1.gravatar.com/avatar/1561f6de110e6c12218afa8fbe1608775055.png]
[ambersway.com/2018/03/30/father-charlie-a-blessed/index.html]
[ambersway.com/2018/03/31/day-10/feed/index.html]
[2.gravatar.com/avatar/86b6b770570a2b0d2da7b16d9f6ca3e85055.png]
[0.gravatar.com/avatar/fd0f56106f83b59cabc80a540e32b3975055.png]
[2.gravatar.com/avatar/8f3a5297679d7bcac5f1230caa1190095055.png]
[2.gravatar.com/avatar/242ab494f4eb417e7b83873cc518a9cf5055.png]
[0.gravatar.com/avatar/f03dd8f7d39fc10cefa6814670de1bd75055.png]
[1.gravatar.com/avatar/448eab65f68e41f476d61c98f639f80d5055.png]
[0.gravatar.com/avatar/c9220bca3f2956c07095f8c61c8c87715055.png]
[2.gravatar.com/avatar/836fad2dd10005a0ded6711edf7a610e5055.png]
[0.gravatar.com/avatar/9f34c8ec5b13e0d093a0305ee94b36825055.png]
[ambersway.com/2018/03/31/day-10/index.html]
[ambersway.com/2018/04/01/day-11-easter/feed/index.html]
[amberswayblog.files.wordpress.com/2018/04/img_20180401_075646cc46.jpg]
[amberswayblog.files.wordpress.com/2018/04/img_20180401_07564619470668274829.jpg]
[2.gravatar.com/avatar/bf0b61bd8b7d4a077a05ff0cfac5b85c5055.png]
[0.gravatar.com/avatar/0cc43008a45927c9ae2c62e241c196805055.png]
[ambersway.com/2018/04/01/day-11-easter/index.html]
[ambersway.com/2018/04/02/day-12-a-thumbs-up/feed/index.html]
[2.gravatar.com/avatar/bf157f0cefce4919616c937443f5c0605055.png]
[0.gravatar.com/avatar/369a6dbe728d251001255a3a2ea6d5635055.png]
[2.gravatar.com/avatar/b26f8b52f73be3c211852998758b66cb5055.png]
[2.gravatar.com/avatar/2a74976dc2155235f38322f728ea0dd55055.png]
[1.gravatar.com/avatar/a43e8cf51167cec43d909c423aaaddd45055.jpeg]
[1.gravatar.com/avatar/a02b5bf55d2a23780a2bacdff626e7695055.png]
[2.gravatar.com/avatar/e94ecd89057407e956ccd8a9134e8e245055.jpeg]
[0.gravatar.com/avatar/3314bf0706264a2a209055b0512ded835055.png]
[0.gravatar.com/avatar/f243d49eed99e3c153105d0a39937e105055.png]
[0.gravatar.com/avatar/92210cf75284236f6ef9d440e6e3228a5055.png]
[2.gravatar.com/avatar/5341fdb5b37aba1f90adcc7d832874c85055.png]
[2.gravatar.com/avatar/274d6ba36074a77bc4559357d273e7505055.png]
[1.gravatar.com/avatar/d709bf42a7ff55299c6a2037f7a233b45055.png]
[2.gravatar.com/avatar/8a60a872768d9b36ebacf267595eddae5055.png]
[0.gravatar.com/avatar/6c5573c07adcae7a65452b57ec38bdb55055.png]
[ambersway.com/2018/04/02/day-12-a-thumbs-up/index.html]
[ambersway.com/2018/04/03/day-13-the-elephant-and-the-whale/feed/index.html]
[0.gravatar.com/avatar/90e77f20c59933967bbdddcb61bc4a3d5055.png]
[ambersway.com/2018/04/03/day-13-the-elephant-and-the-whale/index.html]
[ambersway.com/2018/04/04/day-14-my-super-hero/feed/index.html]
[amberswayblog.files.wordpress.com/2018/04/img_20180403_0655358134851514829.jpg]
[1.gravatar.com/avatar/7a2bd1017d131b7ec9db92c5e1f8ea655055.png]
[0.gravatar.com/avatar/03cdabedb5a91d5c356223712a4d2f3d5055.png]
[0.gravatar.com/avatar/67fac3f92ecf5dd91ce23a47eafc8fc35055.png]
[1.gravatar.com/avatar/1ad6803e200aa9f7198013693666622e5055.png]
[ambersway.com/2018/04/04/day-14-my-super-hero/index.html]
[ambersway.com/2018/04/05/day-15-elephant-steaks/feed/index.html]
[0.gravatar.com/avatar/36b873f27f8ec2a7d86437728bbd131d5055.png]
[2.gravatar.com/avatar/55616a94ed4f6ae9bf6be762ce3d53cf5055.png]
[0.gravatar.com/avatar/98e3bda93b63bc3ac9e450157253a40b5055.png]
[1.gravatar.com/avatar/7096eb8944646a06fbee0db5a9da2a4b5055.png]
[0.gravatar.com/avatar/0497c5e5a26dbcb3e8ebf84efdd94f305055.png]
[ambersway.com/2018/04/05/day-15-elephant-steaks/index.html]
[ambersway.com/2018/04/05/day-15-evening-edition/feed/index.html]
[0.gravatar.com/avatar/f6c6c738e2938ff721a7eb7fc3db7aa65055.png]
[2.gravatar.com/avatar/e9d97aabd250b8ebf3fd49481cca7e695055.png]
[1.gravatar.com/avatar/464542f6d7e0e5f47ff93a4f3e546f715055.png]
[0.gravatar.com/avatar/f1609aecbf3ed98362ce13556162ceeb5055.png]
[2.gravatar.com/avatar/50cf3b1fc8f4690a95e2508c15a4d2b85055.png]
[ambersway.com/2018/04/05/day-15-evening-edition/index.html]
[ambersway.com/2018/04/06/day-16-evening-edition/feed/index.html]
[1.gravatar.com/avatar/7bdebac89d028915543756a12568159c5055.png]
[2.gravatar.com/avatar/56002746188d3bf80d3998c83317c0f65055.png]
[ambersway.com/2018/04/06/day-16-evening-edition/index.html]
[ambersway.com/2018/04/07/day-17-a-note-of-thanks/index.html]
[ambersway.com/2018/04/07/day-17-a-note-of-thanks/feed/index.html]
[ambersway.com/2018/04/07/day-17-evening-addition/index.html]
[ambersway.com/2018/04/07/day-17-evening-addition/feed/index.html]
[2.gravatar.com/avatar/866e19e49ac67e79359c6f0f0e3ab0005055.png]
[ambersway.com/2018/04/08/a-mothers-self-doubt/feed/index.html]
[0.gravatar.com/avatar/61c1671f510e94754b83e70412a986775055.png]
[0.gravatar.com/avatar/6f8ed540406caadf6597ae0fdeb452565055.png]
[2.gravatar.com/avatar/b70ad99fa75e25f97396392a6e7c13d95055.png]
[ambersway.com/2018/04/08/a-mothers-self-doubt/index.html]
[ambersway.com/2018/04/08/day-18-a-day-of-rest/index.html]
[ambersway.com/2018/04/08/day-18-a-day-of-rest/feed/index.html]
[0.gravatar.com/avatar/69b801a87d57c604b7be5669d68535d25055.png]
[ambersway.com/2018/04/09/day-19-a-moving-day/feed/index.html]
[1.gravatar.com/avatar/795e04032738fa8e7de40f52936e59175055.png]
[0.gravatar.com/avatar/0f0828a2eb400f185d5fd52f0948516f5055.png]
[ambersway.com/2018/04/09/day-19-a-moving-day/index.html]
[ambersway.com/2018/04/10/day-20-cool-blue/feed/index.html]
[0.gravatar.com/avatar/f0d09f0c4502b369745d61adc5998e305055.jpeg]
[2.gravatar.com/avatar/271e057aceef5a1437520eac8b3eb8d15055.png]
[2.gravatar.com/avatar/89b29def866a3316b56e9b8cf1c013df5055.png]
[ambersway.com/2018/04/10/day-20-cool-blue/index.html]
[ambersway.com/2018/04/11/day-21-ice-cream-for-breakfast/feed/index.html]
[0.gravatar.com/avatar/350ed0291cdf714adb7fa47ff005c5115055.png]
[1.gravatar.com/avatar/1937947c85c533eaf325ab38a43961525055.png]
[ambersway.com/2018/04/11/day-21-ice-cream-for-breakfast/index.html]
[ambersway.com/2018/04/12/day-22-snuggle-time/feed/index.html]
[amberswayblog.files.wordpress.com/2018/04/img_20180412_14371317320886294829.jpg]
[1.gravatar.com/avatar/a7cd163668c741448b93aaafaa3df0b25055.png]
[ambersway.com/2018/04/12/day-22-snuggle-time/index.html]
[ambersway.com/2018/04/12/day-22-evening-addition/feed/index.html]
[2.gravatar.com/avatar/e04f3c0782831591db8a413ab21912b45055.png]
[ambersway.com/2018/04/12/day-22-evening-addition/index.html]
[2.gravatar.com/avatar/2cc2c677f2c6aa2d546ae8673dc888eb5055.png]
[0.gravatar.com/avatar/c07fdf413c6fcc3ff9e45eae6172043d5055.png]
[ambersway.com/2018/04/13/day-23-she-blew-me-a-kiss/index.html]
[ambersway.com/2018/04/13/day-23-she-blew-me-a-kiss/feed/index.html]
[ambersway.com/2018/04/13/day-23-late-edition/feed/index.html]
[2.gravatar.com/avatar/2e5d656397a463d311e49ee2787a57e35055.png]
[ambersway.com/2018/04/13/day-23-late-edition/index.html]
[ambersway.com/2018/04/14/day-24-a-word-is-worth-a-thousand-pictures/index.html]
[ambersway.com/2018/04/14/day-24-a-word-is-worth-a-thousand-pictures/feed/index.html]
[2.gravatar.com/avatar/8758cb7e5e28c3bebd3482d0a51e308c5055.png]
[ambersway.com/2018/04/15/day-25-sunday-rest-day/index.html]
[ambersway.com/2018/04/15/day-25-sunday-rest-day/feed/index.html]
[2.gravatar.com/avatar/83b8019276a02f4c10e8fdca7e8195635055.png]
[ambersway.com/2018/04/16/day-26-looking-good/index.html]
[ambersway.com/2018/04/16/day-26-looking-good/feed/index.html]
[0.gravatar.com/avatar/f9057f5b4ac1c11c8668db5743ba24335055.png]
[0.gravatar.com/avatar/095acf0430382c29a177212b2136191e5055.png]
[ambersway.com/2018/04/18/day-27-pudding-a-graham-cracker-juice-oh-my/feed/index.html]
[0.gravatar.com/avatar/349f4e125cab8308a09f0b99cf837b845055.png]
[0.gravatar.com/avatar/3e7b4718b58d04296df8adbadf1212325055.png]
[ambersway.com/2018/04/18/day-27-pudding-a-graham-cracker-juice-oh-my/index.html]
[1.gravatar.com/avatar/447f8202d9e0e48ed8381535a391a7695055.png]
[2.gravatar.com/avatar/823064a03c47f0387e9089864b9c315b5055.png]
[ambersway.com/2018/04/18/day-28-the-voice-of-an-angel/feed/index.html]
[2.gravatar.com/avatar/860cc0f91bb40c3eb557943e3ba305d55055.png]
[ambersway.com/2018/04/18/day-28-the-voice-of-an-angel/index.html]
[2.gravatar.com/avatar/b29aae59c3135f9149acd3888aee25ef5055.png]
[ambersway.com/2018/04/19/day-29-4-weeks/index.html]
[ambersway.com/2018/04/19/day-29-4-weeks/feed/index.html]
[amberswayblog.files.wordpress.com/2018/04/img_20180420_104916263806130761586969154829.jpg]
[ambersway.com/2018/04/20/day-30-getting-into-a-cycle/feed/index.html]
[0.gravatar.com/avatar/306ef7bab01534fa03dd6606ff5052155055.png]
[2.gravatar.com/avatar/b9f5921a6af89cb7dbd540428ea2abcc5055.png]
[ambersway.com/2018/04/20/day-30-getting-into-a-cycle/index.html]
[ambersway.com/2018/04/21/day-31-day-31-really/index.html]
[ambersway.com/2018/04/22/day-32-questions-and-some-spinach/index.html]
[ambersway.com/2018/04/21/day-31-day-31-really/feed/index.html]
[ambersway.com/2018/04/23/day-33-busy-monday/index.html]
[ambersway.com/2018/04/22/day-32-questions-and-some-spinach/feed/index.html]
[ambersway.com/2018/04/24/day-34-stand-up-cheer/index.html]
[ambersway.com/2018/04/23/day-33-busy-monday/feed/index.html]
[ambersway.com/2018/04/24/day-34-stand-up-cheer/feed/index.html]
[0.gravatar.com/avatar/6d27c24261b740c98cd46b4538ecec035055.png]
[ambersway.com/2018/04/25/day-35-bacon-🥓/index.html]
[ambersway.com/2018/04/25/day-35-bacon-🥓/feed/index.html]
[ambersway.com/2018/04/25/day-35-bacon-🥓/index-2.html]
[ambersway.com/2018/04/26/day-36-tiny-but-mighty-steps/feed/index.html]
[0.gravatar.com/avatar/63166e7cb763a310edffb5a0715774385055.png]
[ambersway.com/2018/04/26/day-36-tiny-but-mighty-steps/index.html]
[ambersway.com/2018/04/27/day-37-superhero-day/feed/index.html]
[amberswayblog.files.wordpress.com/2018/04/img_20180427_114025-e15248832789614829.jpg]
[ambersway.com/2018/04/27/day-37-superhero-day/index.html]
[ambersway.com/2018/04/28/day-38-be-not-afraid/feed/index.html]
[ambersway.com/2018/04/28/day-38-be-not-afraid/index.html]
[ambersway.com/2018/04/29/day-39-the-start-to-a-big-week-ahead/feed/index.html]
[ambersway.com/2018/04/29/day-39-the-start-to-a-big-week-ahead/index.html]
[ambersway.com/2018/04/30/day-40-bracing-ourselves/feed/index.html]
[amberswayblog.files.wordpress.com/2018/04/signal-2018-04-30-20112729448595340213075494829.jpg]
[0.gravatar.com/avatar/f29dc4c30bdc17d0201bd102f53d04e95055.png]
[ambersway.com/2018/04/30/day-40-bracing-ourselves/index.html]
[ambersway.com/2018/05/01/day-41-its-not-quite-brain-surgery/feed/index.html]
[0.gravatar.com/avatar/c3259908fdf5de07ab27eb9a61d5dd915055.png]
[0.gravatar.com/avatar/9e0210f24de3385bca9e27dc015df2c55055.png]
[0.gravatar.com/avatar/fa213769cb180506efe7775114beff775055.png]
[ambersway.com/2018/05/01/day-41-its-not-quite-brain-surgery/index.html]
[s0.wp.com/wp-content/mu-plugins/jetpack-plugin/production/modules/theme-tools/responsive-videos/responsive-videos2caa.css]
[ambersway.com/2018/05/02/day-42-steps-in-the-journey/feed/index.html]
[ambersway.com/2018/05/02/day-42-steps-in-the-journey/index.html]
[amberswayblog.files.wordpress.com/2018/05/img_1066-0244229584135025307234829.jpg]
[2.gravatar.com/avatar/8d9ad098c5519522285669dcfed1adfe5055.png]
[ambersway.com/2018/05/03/day-43-surgery-went-well/feed/index.html]
[1.gravatar.com/avatar/1b0cb998a6f2aac38efd940e486f77ed5055.png]
[2.gravatar.com/avatar/81e0c34b8f12dddada286230ea059b595055.png]
[ambersway.com/2018/05/03/day-43-surgery-went-well/index.html]
[ambersway.com/2018/05/04/day-44-here-be-dragons/index.html]
[ambersway.com/2018/05/04/day-44-here-be-dragons/feed/index.html]
[ambersway.com/2018/05/05/day-45-50-feet-counting/feed/index.html]
[2.gravatar.com/avatar/b5c0eb5cbf0481447c625660283b124d5055.png]
[ambersway.com/2018/05/05/day-45-50-feet-counting/index.html]
[ambersway.com/2018/05/06/day-46-love-support-and-encouragement/index.html]
[ambersway.com/2018/05/06/day-46-love-support-and-encouragement/feed/index.html]
[ambersway.com/2018/05/07/day-47-ambers-way/feed/index.html]
[ambersway.com/2018/05/07/day-47-ambers-way/index.html]
[ambersway.com/2018/05/08/day-48-almost-there/index.html]
[ambersway.com/2018/05/08/day-48-almost-there/feed/index.html]
[ambersway.com/2018/05/09/day-49-theres-no-place-like-home/feed/index.html]
[2.gravatar.com/avatar/bf891d0b9adb2e3d82a2257136e9b8805055.png]
[ambersway.com/2018/05/09/day-49-theres-no-place-like-home/index.html]
[ambersway.com/2018/05/10/day-50-were-home/feed/index.html]
[amberswayblog.files.wordpress.com/2018/05/img_20180510_092001489-e15259849706554829.png]
[amberswayblog.files.wordpress.com/2018/05/img_20180510_111643302-e15259855134744829.png]
[amberswayblog.files.wordpress.com/2018/05/20180510_1250284829.png]
[amberswayblog.files.wordpress.com/2018/05/20180510_1640444829.png]
[1.gravatar.com/avatar/ad078190dffc82c68895e63ea7006ee65055.png]
[ambersway.com/2018/05/10/day-50-were-home/index.html]
[ambersway.com/2018/05/11/day-51-simple-laughter/feed/index.html]
[ambersway.com/2018/05/11/day-51-simple-laughter/index.html]
[ambersway.com/2018/05/12/day-52-the-first-bite-of-the-whale/feed/index.html]
[amberswayblog.files.wordpress.com/2018/05/radmask-e15261673015974829.jpg]
[ambersway.com/2018/05/12/day-52-the-first-bite-of-the-whale/index.html]
[ambersway.com/2018/05/13/day-53-ultimate-mothers-day/feed/index.html]
[amberswayblog.files.wordpress.com/2018/05/img_20180513_113512443-1-013191205169243408184829.jpg]
[ambersway.com/2018/05/13/day-53-ultimate-mothers-day/index.html]
[ambersway.com/2018/05/14/day-54-adjusting-well/feed/index.html]
[amberswayblog.files.wordpress.com/2018/05/amberhw-e15263519658137271.jpg]
[2.gravatar.com/avatar/2dd4b37e1ad251a647802d774924b7365055.png]
[ambersway.com/2018/05/14/day-54-adjusting-well/index.html]
[ambersway.com/2018/05/15/day-55-a-better-understanding/feed/index.html]
[ambersway.com/2018/05/15/day-55-a-better-understanding/index.html]
[ambersway.com/2018/05/16/day-56-therapies/feed/index.html]
[ambersway.com/2018/05/16/day-56-therapies/index.html]
[ambersway.com/2018/05/17/day-57-radiation-countdown/feed/index.html]
[ambersway.com/2018/05/17/day-57-radiation-countdown/index.html]
[ambersway.com/2018/05/18/day-58-the-beat-of-her-own-drum/index.html]
[ambersway.com/2018/05/18/day-58-the-beat-of-her-own-drum/feed/index.html]
[amberswayblog.files.wordpress.com/2018/05/amber_sundae-800x640592b.jpg]
[ambersway.com/2018/05/19/day-59-sundae-saturday/feed/index.html]
[amberswayblog.files.wordpress.com/2018/05/sundae-x800bb87.jpg]
[ambersway.com/2018/05/19/day-59-sundae-saturday/index.html]
[ambersway.com/2018/05/20/day-60-another-quiet-sunday/feed/index.html]
[0.gravatar.com/avatar/c6c0e955cc86aa78c4fe743006b6162b5055.png]
[2.gravatar.com/avatar/5d79ef54dad86d279e10fce9763ba3ef5055.png]
[ambersway.com/2018/05/20/day-60-another-quiet-sunday/index.html]
[ambersway.com/2018/05/21/day-61-an-almost-perfect-day/feed/index.html]
[ambersway.com/2018/05/21/day-61-an-almost-perfect-day/index.html]
[ambersway.com/2018/05/22/day-62-lives-touched/feed/index.html]
[ambersway.com/2018/05/22/day-62-lives-touched/index.html]
[ambersway.com/2018/05/23/day-63-not-enough-time-in-the-day/feed/index.html]
[ambersway.com/2018/05/23/day-63-not-enough-time-in-the-day/index.html]
[ambersway.com/2018/05/24/day-64-vitamin-d-and-puppy-love/feed/index.html]
[amberswayblog.files.wordpress.com/2018/05/mugsley-4in4829.jpg]
[ambersway.com/2018/05/24/day-64-vitamin-d-and-puppy-love/index.html]
[ambersway.com/2018/05/25/day-65-ambers-selfless-wish/feed/index.html]
[amberswayblog.files.wordpress.com/2018/05/amberwish-clearer4829.png]
[1.gravatar.com/avatar/7dee08c201182ecbbb7e97e3a84081335055.png]
[ambersway.com/2018/05/25/day-65-ambers-selfless-wish/index.html]
[ambersway.com/2018/05/26/day-66-a-fairly-normal-day/index.html]
[ambersway.com/2018/05/26/day-66-a-fairly-normal-day/feed/index.html]
[ambersway.com/2018/05/27/day-67-dance-recital/feed/index.html]
[amberswayblog.files.wordpress.com/2018/05/danceflowersa33b.png]
[amberswayblog.files.wordpress.com/2018/05/outsidea43d.png]
[ambersway.com/2018/05/27/day-67-dance-recital/index.html]
[ambersway.com/2018/05/28/day-68-memorial-day/feed/index.html]
[ambersway.com/2018/05/28/day-68-memorial-day/index.html]
[ambersway.com/2018/05/29/day-69-until-next-time-or-until-we-have-something-interesting-to-say/feed/index.html]
[0.gravatar.com/avatar/f7a115cb85016c1ba0b2861859f9a3fa5055.png]
[ambersway.com/2018/05/29/day-69-until-next-time-or-until-we-have-something-interesting-to-say/index.html]
[ambersway.com/2018/06/03/day-74-a-stranger-with-the-same-fight/feed/index.html]
[ambersway.com/2018/06/03/day-74-a-stranger-with-the-same-fight/index.html]
[ambersway.com/2018/06/04/day-75-no-more-stinkin-stitches/index.html]
[ambersway.com/2018/06/04/day-75-no-more-stinkin-stitches/feed/index.html]
[ambersway.com/2018/06/07/day-78-a-special-ending-to-a-long-day/feed/index.html]
[amberswayblog.files.wordpress.com/2018/06/amber-e15284214394594829.jpg]
[ambersway.com/2018/06/07/day-78-a-special-ending-to-a-long-day/index.html]
[ambersway.com/2018/06/10/day-81-our-church-away-from-church/feed/index.html]
[ambersway.com/2018/06/10/day-81-our-church-away-from-church/index.html]
[ambersway.com/2018/06/14/day-85-with-a-hug-i-love-you/feed/index.html]
[2.gravatar.com/avatar/b8b780f4e5c65eb523f956875225df0d5055.png]
[ambersway.com/2018/06/14/day-85-with-a-hug-i-love-you/index.html]
[ambersway.com/2018/06/17/day-88-fathers-day-determination/feed/index.html]
[amberswayblog.files.wordpress.com/2018/06/img_20180617_122949-e1529270012188cc46.jpg]
[amberswayblog.files.wordpress.com/2018/06/img_20180617_120600157_hdr44a5.jpg]
[amberswayblog.files.wordpress.com/2018/06/img_20180617_121143607_hdr4829.jpg]
[0.gravatar.com/avatar/65f1645e0000e3c120968e5469ade3475055.png]
[2.gravatar.com/avatar/2cf0955632c5fef97368133b9c1e595c5055.png]
[ambersway.com/2018/06/17/day-88-fathers-day-determination/index.html]
[ambersway.com/2018/06/24/day-95-the-truth-machine/feed/index.html]
[amberswayblog.files.wordpress.com/2018/06/am2-e1529879939435853a.jpg]
[1.gravatar.com/avatar/db82a953b6effde64a65d57a299d195c5055.png]
[0.gravatar.com/avatar/038d7d10b0c21d6e6df97324af546ba25055.png]
[ambersway.com/2018/06/24/day-95-the-truth-machine/index.html]
[ambersway.com/2018/06/28/day-99-a-bittersweet-day/feed/index.html]
[amberswayblog.files.wordpress.com/2018/06/radiation-crew-e15302244708494829.jpg]
[0.gravatar.com/avatar/38813c49f6f3cf5e09bb5474d458076f5055.png]
[ambersway.com/2018/06/28/day-99-a-bittersweet-day/index.html]
[ambersway.com/2018/07/15/day-116-the-beach-it-soothes-the-soul/feed/index.html]
[amberswayblog.files.wordpress.com/2018/07/dsc01251az5f4e.jpg]
[amberswayblog.files.wordpress.com/2018/07/dsc01770z4829.jpg]
[amberswayblog.files.wordpress.com/2018/07/img_20180711_152926950_hdrz-e15316896544614829.jpg]
[1.gravatar.com/avatar/da7fb51b4850b23d75d92d03ba57b4d85055.png]
[ambersway.com/2018/07/15/day-116-the-beach-it-soothes-the-soul/index.html]
[ambersway.com/2018/07/22/day-123-ambers-way-around/feed/index.html]
[amberswayblog.files.wordpress.com/2018/07/bikeblog423a.jpg]
[amberswayblog.files.wordpress.com/2018/07/saltyblog6b8b.jpg]
[amberswayblog.files.wordpress.com/2018/07/starsandstripesblog52c4.jpg]
[amberswayblog.files.wordpress.com/2018/07/forblog4829.jpg]
[2.gravatar.com/avatar/5ad27c9bcee42622f723458c793a33335055.png]
[2.gravatar.com/avatar/82a2f8c6850ecd3a932dcd2f2d603d285055.png]
[ambersway.com/2018/07/22/day-123-ambers-way-around/index.html]
[ambersway.com/2018/07/25/day-126-its-a-high-five-kind-of-day/feed/index.html]
[1.gravatar.com/avatar/4375188f983ecf56d95e6326d4ffeaca5055.png]
[1.gravatar.com/avatar/d6a5a72ffacafea9c0f5dedb39d1f1d35055.png]
[1.gravatar.com/avatar/112ead539dada657939051ab1b2a72325055.png]
[1.gravatar.com/avatar/dc2a2bdad48b17c5130cac8faf1c82b25055.png]
[0.gravatar.com/avatar/07921a77b1edb5eb8ff3c057df305f315055.png]
[2.gravatar.com/avatar/b5381e4dcbaed4b0ecce8f4c495324e65055.png]
[ambersway.com/2018/07/25/day-126-its-a-high-five-kind-of-day/index.html]
[ambersway.com/2018/07/29/day-130-turns-out-this-week-was-pretty-awesome/feed/index.html]
[amberswayblog.files.wordpress.com/2018/07/maw-hi4829.png]
[0.gravatar.com/avatar/6b3f26ba78ffb48a1d2cbf6f5b6f6f7a5055.png]
[0.gravatar.com/avatar/6a2feddd449ff101fcd996e03091f1155055.png]
[ambersway.com/2018/07/29/day-130-turns-out-this-week-was-pretty-awesome/index.html]
[ambersway.com/2018/08/14/day-145-a-twist-of-fate/feed/index.html]
[amberswayblog.files.wordpress.com/2018/08/img_20180813_170321102268905364501122657114829.jpg]
[amberswayblog.files.wordpress.com/2018/08/img_20180814_0903247762-01-0171870156630253270414829.jpg]
[2.gravatar.com/avatar/805e6f154952b6d4f42c4ed2b10a6a6a5055.jpeg]
[2.gravatar.com/avatar/29f566799382bb6e0baee6f11c36a5865055.png]
[2.gravatar.com/avatar/890a95499cc144a60eb61a731e90dcdd5055.png]
[2.gravatar.com/avatar/20481ee216d5537d57ffc1919ce133845055.png]
[ambersway.com/2018/08/14/day-145-a-twist-of-fate/index.html]
[ambersway.com/2018/08/26/day-158-wishes-do-come-true/feed/index.html]
[amberswayblog.files.wordpress.com/2018/08/bloga8fc9.jpg]
[amberswayblog.files.wordpress.com/2018/08/blogba2e5.jpg]
[amberswayblog.files.wordpress.com/2018/08/blogc8fc9.jpg]
[amberswayblog.files.wordpress.com/2018/08/blogpa2e5.jpg]
[amberswayblog.files.wordpress.com/2018/08/blogda2e5.jpg]
[amberswayblog.files.wordpress.com/2018/08/blogf155c.jpg]
[amberswayblog.files.wordpress.com/2018/08/bloge0d99.jpg]
[amberswayblog.files.wordpress.com/2018/08/blogg155c.jpg]
[amberswayblog.files.wordpress.com/2018/08/blogj8fc9.jpg]
[amberswayblog.files.wordpress.com/2018/08/blogi8fc9.jpg]
[amberswayblog.files.wordpress.com/2018/08/blogh155c.jpg]
[amberswayblog.files.wordpress.com/2018/08/blogm155c.jpg]
[amberswayblog.files.wordpress.com/2018/08/blogk8fc9.jpg]
[amberswayblog.files.wordpress.com/2018/08/blogn4829.jpg]
[ambersway.com/2018/08/26/day-158-wishes-do-come-true/index.html]
[ambersway.com/2018/09/02/day-165-the-proof-is-in-the-prayer/feed/index.html]
[amberswayblog.files.wordpress.com/2018/09/blogbb09e.jpg]
[amberswayblog.files.wordpress.com/2018/09/bloga4829.jpg]
[1.gravatar.com/avatar/7fadadd2cfa08616a43a2f8859b4b7705055.png]
[ambersway.com/2018/09/02/day-165-the-proof-is-in-the-prayer/index.html]
[ambersway.com/2018/09/07/day-170-lost-a-battle-but-the-war-isnt-over/feed/index.html]
[2.gravatar.com/avatar/5ae693acb51ed797fd90c9eb92cc9f735055.png]
[1.gravatar.com/avatar/abfe98021b9f7563cb540f79ed794d375055.png]
[2.gravatar.com/avatar/8211f91ba727e9881f96e37c695e5f355055.png]
[1.gravatar.com/avatar/1f210099741104a124557f7ce24f91fe5055.png]
[0.gravatar.com/avatar/6be8a41a4896ba1c1d5ccfe40ffc50f45055.png]
[0.gravatar.com/avatar/c04d1ba02340a41ac5c84e1f6bdd7e415055.png]
[0.gravatar.com/avatar/08f76e13dc1d97f855b0d8d0a4b586765055.png]
[2.gravatar.com/avatar/8f4d9dda9fff4c6ba79d87a1784713d85055.png]
[0.gravatar.com/avatar/0098f7fb96d0f24be11c94f663c5954d5055.png]
[ambersway.com/2018/09/07/day-170-lost-a-battle-but-the-war-isnt-over/index.html]
[ambersway.com/2018/09/12/day-175-next-step/index.html]
[ambersway.com/2018/09/12/day-175-next-step/feed/index.html]
[2.gravatar.com/avatar/2155910e71eee6b12b5093244127be8e5055.png]
[0.gravatar.com/avatar/f927ee330229e0bf9fecec9c91be093d5055.png]
[ambersway.com/2018/09/13/day-176-waiting/feed/index.html]
[ambersway.com/2018/09/13/day-176-waiting/index.html]
[ambersway.com/2018/09/14/day-177-good-news/feed/index.html]
[1.gravatar.com/avatar/aae44ea27c827954704ea4bc8ef6b7775055.png]
[ambersway.com/2018/09/14/day-177-good-news/index.html]
[ambersway.com/2018/09/17/day-180-superheroes-pay-it-forward/feed/index.html]
[amberswayblog.files.wordpress.com/2018/09/nulld11c.png]
[amberswayblog.files.wordpress.com/2018/09/null15596.png]
[ambersway.com/2018/09/17/day-180-superheroes-pay-it-forward/index.html]
[ambersway.com/2018/09/25/day-188-a-rainy-day-in-nyc/feed/index.html]
[1.gravatar.com/avatar/d53fb3d81c03912f1690efb4253456c15055.png]
[ambersway.com/2018/09/25/day-188-a-rainy-day-in-nyc/index.html]
[ambersway.com/2018/09/28/day-191-big-hope-in-the-big-apple-and-some-big-sadness-too/feed/index.html]
[1.gravatar.com/avatar/a555c9752ddb8dd001e45daf46948d915055.png]
[ambersway.com/cdn-cgi/l/email-protection.html]
[ambersway.com/cdn-cgi/scripts/5c5dd728/cloudflare-static/email-decode.min.js]
[ambersway.com/2018/09/28/day-191-big-hope-in-the-big-apple-and-some-big-sadness-too/index.html]
[ambersway.com/2018/09/30/day-193-superheroes-pay-it-forward-and-then-some/index.html]
[ambersway.com/2018/10/02/day-195-round-1/index.html]
[ambersway.com/2018/10/02/day-195-round-1/feed/index.html]
[amberswayblog.files.wordpress.com/2018/10/dsc03824abl155c.jpg]
[amberswayblog.files.wordpress.com/2018/10/dsc03976abl155c.jpg]
[amberswayblog.files.wordpress.com/2018/10/dsc04021abl155c.jpg]
[ambersway.com/2018/10/04/day-197-happy-7th-year-of-life-amber-grace/feed/index.html]
[0.gravatar.com/avatar/c19f96c306e14b95af8b7929be6101755055.png]
[0.gravatar.com/avatar/f948399f2111f1218b77c0cb5c8580245055.png]
[0.gravatar.com/avatar/c27b16a13c2a6ca0c450376c9714a0d85055.png]
[0.gravatar.com/avatar/95cdef1801a7e56f271d23bce4715c405055.jpeg]
[ambersway.com/2018/10/04/day-197-happy-7th-year-of-life-amber-grace/index.html]
[2.gravatar.com/avatar/87e37741b72749b7f741043cd53375285055.jpeg]
[ambersway.com/2018/10/21/day-214-a-heartfelt-thank-you-whats-next/feed/index.html]
[0.gravatar.com/avatar/f3ad9b8a4641e11e785d32753f41ab435055.png]
[ambersway.com/2018/10/21/day-214-a-heartfelt-thank-you-whats-next/index.html]
[ambersway.com/2018/10/23/day-216-round-2-in-nyc/index.html]
[ambersway.com/2018/10/23/day-216-round-2-in-nyc/feed/index.html]
[ambersway.com/2018/11/03/day-227-a-very-happy-halloween-next-mri/feed/index.html]
[amberswayblog.files.wordpress.com/2018/11/img_20181031_180733246ablog4829.jpg]
[1.gravatar.com/avatar/7874bfded2b899d8c9766b8e5d13777d5055.png]
[ambersway.com/2018/11/03/day-227-a-very-happy-halloween-next-mri/index.html]
[ambersway.com/2018/11/05/day-229-maybe/index.html]
[ambersway.com/2018/11/05/day-229-maybe/feed/index.html]
[s0.wp.com/_static/index0b92.html]
[ambersway.com/2018/11/25/day-249-being-thankful/index.html]
[ambersway.com/2018/11/25/day-249-being-thankful/feed/index.html]
[ambersway.com/2018/12/03/day-257-a-let-down-day/feed/index.html]
[2.gravatar.com/avatar/5487ede149309210c651293a43b6bdde5055.png]
[0.gravatar.com/avatar/3cbcceae19d4760c942fedf8f1a9120a5055.png]
[ambersway.com/2018/12/03/day-257-a-let-down-day/index.html]
[ambersway.com/2018/12/08/day-262-speed-bump/feed/index.html]
[0.gravatar.com/avatar/61d1c812e8f6f1b39a4759996ce079dc5055.png]
[ambersway.com/2018/12/08/day-262-speed-bump/index.html]
[ambersway.com/2018/12/09/day-263-morning-update/index.html]
[ambersway.com/2018/12/09/day-263-morning-update/feed/index.html]
[0.gravatar.com/avatar/c9896237af51f306c5d32520597c3b095055.png]
[2.gravatar.com/avatar/2d938ba22b13d31327c70fb73d441ca05055.png]
[ambersway.com/2018/12/11/day-265-heavy-hearts/feed/index.html]
[2.gravatar.com/avatar/8f2cd2f59d6a1ca66ac8a8480f05789d5055.png]
[2.gravatar.com/avatar/236b304ba69ce5eca786eea5d7346bc05055.png]
[0.gravatar.com/avatar/9aa88201515064ca3ad946f56ad6fef25055.png]
[1.gravatar.com/avatar/a1369c576e2dafb0a51e8ff3218cd1935055.png]
[0.gravatar.com/avatar/f8ee5fce6263f8ba135ad082de8c00d95055.png]
[2.gravatar.com/avatar/2b7e8e86d7bf6015819cd6d6f576a6975055.png]
[2.gravatar.com/avatar/8567ae2009a52632c55477d5bd78e0c15055.png]
[1.gravatar.com/avatar/1410f2fd1c881d152690d55d90f998915055.png]
[2.gravatar.com/avatar/575bae688a82ceeee110fe81d05954c35055.png]
[2.gravatar.com/avatar/e0d6f44f260ba1a65e0c3245264e4ff75055.png]
[2.gravatar.com/avatar/8b133e77cb6d43d9d3cba71b906d80385055.png]
[2.gravatar.com/avatar/52f064cc012c1bec3a30a212fa97a9835055.png]
[2.gravatar.com/avatar/292173d0340ead43dfb8f75b05d652755055.png]
[2.gravatar.com/avatar/886d5fdf952a44aa07d0a01cbc7cb63a5055.png]
[1.gravatar.com/avatar/494db46fad1139081f31bb64bf63c5c85055.png]
[1.gravatar.com/avatar/70f348064c89995c67d339aefdc7ffe25055.png]
[1.gravatar.com/avatar/a334297bc9f304fa2677660be240b9555055.png]
[2.gravatar.com/avatar/54e91722d1b5ba06105e2151b0ba94e55055.png]
[0.gravatar.com/avatar/0dad6f2b703bf38440004765cbd879b05055.png]
[0.gravatar.com/avatar/0118fcc08039b5de670770df9c6967985055.png]
[0.gravatar.com/avatar/f808bee167b10e79d3f727046c3cea3c5055.png]
[ambersway.com/2018/12/11/day-265-heavy-hearts/index.html]
[ambersway.com/2018/12/13/day-267-peace-calm-comfort/feed/index.html]
[1.gravatar.com/avatar/7f76d84bf939e7745a6845aa787db7305055.png]
[0.gravatar.com/avatar/f6011e4eacd9e8b5ecaef8f35799c14f5055.png]
[1.gravatar.com/avatar/71af44e27d55c9222ca6cda235833b445055.png]
[0.gravatar.com/avatar/30cd7e4f3897083e8ed2fa984561c0da5055.png]
[1.gravatar.com/avatar/d93f5a46acc1c050abbf2d38c8c737915055.png]
[2.gravatar.com/avatar/885af4ebeb1d56172426b0a3e4e739d15055.png]
[2.gravatar.com/avatar/bb6bbfaa2e668d328416721d45776fb75055.png]
[0.gravatar.com/avatar/64435980b79463cc6052265c63d6778f5055.png]
[0.gravatar.com/avatar/6508b34c5a3ba424f2a5399d76cce3ce5055.png]
[0.gravatar.com/avatar/9a9c2457d8a9d79764b6909217883cad5055.png]
[2.gravatar.com/avatar/52fefc129197bc1d27e889b88e065a0e5055.jpeg]
[1.gravatar.com/avatar/4920bf31d4f900df0cd27680600dd2255055.png]
[0.gravatar.com/avatar/cbf6cd849180c04d0a0597d66225aa355055.png]
[2.gravatar.com/avatar/8dbc2d4040fce92a05f6682c253c796a5055.png]
[0.gravatar.com/avatar/c853d81a28ad47b30be0e6268b6c0e365055.png]
[0.gravatar.com/avatar/627e47a4509de7d8b3d31039aa3a02345055.png]
[2.gravatar.com/avatar/8a232646e77254e01980b98c54a55c1e5055.png]
[0.gravatar.com/avatar/0d4452e55ffda7cad804948a8352fb175055.png]
[0.gravatar.com/avatar/60d7cf45ee09f81f7f5a11e604f66d615055.png]
[1.gravatar.com/avatar/4c4598263e0dee229eb785922f674d975055.png]
[2.gravatar.com/avatar/504a6a4aa95ff4c94bfaf6dc55dbc37b5055.png]
[1.gravatar.com/avatar/4430b112e890c7f01958c03c56487a645055.png]
[0.gravatar.com/avatar/33312d4c0c3bea7ee17e1d6de55564ed5055.png]
[1.gravatar.com/avatar/ae9ebe440f5e9aa0059cc608031eba455055.png]
[0.gravatar.com/avatar/9bbda7be31c8d69c42aa8e29965351965055.png]
[0.gravatar.com/avatar/356d564611809614811a1cae8f1a68d55055.png]
[2.gravatar.com/avatar/e5a8eb99aee7c985a3e025f4571f339e5055.png]
[ambersway.com/2018/12/13/day-267-peace-calm-comfort/index.html]
[ambersway.com/2018/12/15/day-269/feed/index.html]
[0.gravatar.com/avatar/c08a2ff9aea26b289c7a471e9eec309c5055.png]
[1.gravatar.com/avatar/d8ea5a7a20d6c7b3329c7e5535c44d865055.png]
[1.gravatar.com/avatar/19773347fe446d41b29bf6307b29f9625055.png]
[2.gravatar.com/avatar/59bc0168897d4d0bc4e4b3dfacd647785055.png]
[2.gravatar.com/avatar/5c1784585b85519a07244693aeac371f5055.png]
[0.gravatar.com/avatar/68ef0220b75881cd0a865642b3f9e5b65055.png]
[1.gravatar.com/avatar/75072868eeb24f2372af8b96562c0c925055.png]
[1.gravatar.com/avatar/7ac1f3bdae5a76958f7b96e664c3544c5055.png]
[ambersway.com/2018/12/15/day-269/index.html]
[0.gravatar.com/avatar/04faa51f407f8dfc006813bca5c553625055.png]
[1.gravatar.com/avatar/11afc1d18809b4ccf20483e9f7e3039c5055.png]
[ambersway.com/2018/12/16/day-270-not-much-longer/feed/index.html]
[2.gravatar.com/avatar/893411cadea7a93d07930f7ca5b536c25055.png]
[2.gravatar.com/avatar/23210d4fd640e970e212953d9c13d23a5055.png]
[2.gravatar.com/avatar/bc3da8f2157c97cee9055a1063d445bd5055.png]
[1.gravatar.com/avatar/7834dbe5c28daf7265b2081f5b93ba1e5055.png]
[2.gravatar.com/avatar/b21da6e6885f688d360401980cf2f0025055.png]
[1.gravatar.com/avatar/a400d07c0ce6af42ca92e49883f420575055.png]
[2.gravatar.com/avatar/b032edd33d7476fe4a2fe906cb82b6535055.png]
[1.gravatar.com/avatar/153f0e1715999d76a9df6d5ef000581b5055.png]
[0.gravatar.com/avatar/30ead5c828409b97d75d76939b724f625055.png]
[0.gravatar.com/avatar/9dfb69130e8c982a2c6f89078f65326f5055.png]
[0.gravatar.com/avatar/f036b624f17dac493dece83acdff243f5055.png]
[2.gravatar.com/avatar/80129c5168b996d0399a7da846b816525055.png]
[1.gravatar.com/avatar/4f3275196c17954efca7547b0294e7a85055.png]
[1.gravatar.com/avatar/7de1a293a36266d279d3c31ce334b3d95055.png]
[1.gravatar.com/avatar/db2f568fcdb4a50af43f9f378855fa205055.png]
[2.gravatar.com/avatar/2eef29ea5064f160f682994f6c7bd71c5055.png]
[0.gravatar.com/avatar/6f424f027e7206ed52276b38d1311cbf5055.png]
[2.gravatar.com/avatar/e677c291ede7aa255ed9e538487012895055.png]
[0.gravatar.com/avatar/92fddc4653abd8d4522126a5047d3bfd5055.png]
[0.gravatar.com/avatar/07c71e2d7756f33b8b34f26c76a4c8aa5055.png]
[0.gravatar.com/avatar/cc64f850f4e28cd4bbfa4c21646df93c5055.png]
[ambersway.com/2018/12/16/day-270-not-much-longer/index.html]
[ambersway.com/2018/12/17/day-271-keeping-it-sassy/feed/index.html]
[2.gravatar.com/avatar/ede2949efab393a9fec1d73ac29c06275055.png]
[1.gravatar.com/avatar/457597645e264b67c4f33bdd16ca44635055.png]
[1.gravatar.com/avatar/a22f58533d653ec433686c5465d56d2c5055.png]
[1.gravatar.com/avatar/7fc867695ee25c1997803540157c9d9c5055.png]
[2.gravatar.com/avatar/52aa036fd1ca709a78d7ea3912d0a3855055.png]
[1.gravatar.com/avatar/7386826d759e2b10d03c85df671a2a125055.png]
[2.gravatar.com/avatar/bcc53e1a12c8c6c5ee86327acf44cf435055.png]
[ambersway.com/2018/12/17/day-271-keeping-it-sassy/index.html]
[ambersway.com/2018/12/17/day-271-monday-december-17-2018-455-pm-est/feed/index.html]
[1.gravatar.com/avatar/4adabb41ecf1892a235a0d1e26eebb4a5055.png]
[2.gravatar.com/avatar/ef8363779bd4b4c9bd4672da3463c0355055.png]
[1.gravatar.com/avatar/736e841855ee7ec701700f578246b9335055.png]
[2.gravatar.com/avatar/e0b97de678854fdb986f9588328889d85055.jpeg]
[0.gravatar.com/avatar/c73b67f81fc3d855f2fc537be3602b4a5055.png]
[0.gravatar.com/avatar/c278c0d69586b26849b2b1bc93867f375055.png]
[0.gravatar.com/avatar/c8a531621996c331b3fdd75fc6d126995055.png]
[2.gravatar.com/avatar/ed6d64ad6c81879abaaf4fabad1c23a35055.png]
[2.gravatar.com/avatar/e0ae66ccfb53f896d2f132276aa4471f5055.png]
[1.gravatar.com/avatar/7f4646de1ad4d37017f623d675b93c1b5055.png]
[0.gravatar.com/avatar/c94880974cae4eb4f6de886951c09e9a5055.png]
[1.gravatar.com/avatar/d2b95fd26a235d86ea040000876032135055.png]
[1.gravatar.com/avatar/430708040695cca6e36a5216ff349b265055.png]
[0.gravatar.com/avatar/6af2814da9abf3ee29da9c1566d992385055.png]
[0.gravatar.com/avatar/305bb0b0c79bad4d53715cc894e11cfa5055.png]
[1.gravatar.com/avatar/dc4809f4b569394ae3724767d3ff86185055.png]
[0.gravatar.com/avatar/3158f1f7dbd10b47981117c5f51b928a5055.png]
[2.gravatar.com/avatar/b7c2348dd0796746dc3babf03f766a0c5055.png]
[0.gravatar.com/avatar/62751d0c107d3e64b5fff5d41df01e015055.png]
[0.gravatar.com/avatar/6219be1fb33651ab425e6e96bad12bde5055.png]
[0.gravatar.com/avatar/3abcf7c780d79d43d6f3864456efc7b65055.png]
[1.gravatar.com/avatar/7f224f37670399ced8bc08b1e0b4e9dc5055.png]
[0.gravatar.com/avatar/f37402595ec4c859b7464ca24bb513425055.png]
[0.gravatar.com/avatar/015f34bb863fba2b96848af003fe61b35055.png]
[1.gravatar.com/avatar/aa35d48d198257507d3c297f13b1edea5055.png]
[0.gravatar.com/avatar/00471714c8f41419932210ffed8c48fd5055.png]
[0.gravatar.com/avatar/33636a851c141d9291555d81d747f8c85055.png]
[0.gravatar.com/avatar/9a298f58c5deef7015d7d280d68b65f05055.png]
[1.gravatar.com/avatar/d5378d5fd8ce81338b470e360937b6995055.png]
[1.gravatar.com/avatar/43c1cc66bcef5cfdb868af5ba106ffc95055.png]
[0.gravatar.com/avatar/044f7cf8c64338596dda512a806c77ba5055.png]
[2.gravatar.com/avatar/e5859f7fffb67c195ecc415e45e6c5915055.png]
[0.gravatar.com/avatar/0890a37ccbbb937a30e13f9ef6b111d95055.png]
[2.gravatar.com/avatar/5d2f3a9ac57d613740666dbb309f60bc5055.png]
[2.gravatar.com/avatar/e025f1b6e3e15dc1cec85f35172bcf7d5055.png]
[2.gravatar.com/avatar/51a814c1f351b5e80a589132478109955055.png]
[1.gravatar.com/avatar/d1a8b053b567283eaa390e437eeec2e95055.png]
[1.gravatar.com/avatar/7550268177dae54acad34269bb6288215055.png]
[0.gravatar.com/avatar/63100bf36c7732b2a2782e1137516eea5055.png]
[2.gravatar.com/avatar/bb63583d5f406622fd410abbb524bcea5055.png]
[0.gravatar.com/avatar/05ed48022705f16c557c13383b8e291e5055.png]
[2.gravatar.com/avatar/5089a46d91c73283dacda6eb18c583c05055.png]
[0.gravatar.com/avatar/6e5360ed1608102e02c131cad9e473015055.png]
[1.gravatar.com/avatar/415894c08cc66ec591016c848b444bb45055.jpeg]
[1.gravatar.com/avatar/a05bfdfa2830ea8810727e3ac0ee007d5055.png]
[0.gravatar.com/avatar/c3feb1609911006489b43dfacda858225055.png]
[1.gravatar.com/avatar/a34a232f3a1ec364f9d89fdd7debc4875055.png]
[2.gravatar.com/avatar/8ee976bba9ee15c3d2f74a153f742c9a5055.png]
[2.gravatar.com/avatar/e9632c072bb7e31c6c0175feb9a1bc9f5055.png]
[ambersway.com/2018/12/17/day-271-monday-december-17-2018-455-pm-est/index.html]
[ambersway.com/2018/12/18/day-272-revisiting-day-271/feed/index.html]
[0.gravatar.com/avatar/0e0400f1fc01225f2d7359d99989100c5055.png]
[1.gravatar.com/avatar/46c1215a22149498e280da296f4e71995055.png]
[ambersway.com/2018/12/18/day-272-revisiting-day-271/index.html]
[ambersway.com/2018/12/19/day-273-planning-the-services/feed/index.html]
[ambersway.com/2018/12/19/day-273-planning-the-services/index.html]
[1.gravatar.com/avatar/12799ce40c153363e830bce176ae1a0f5055.png]
[ambersway.com/2018/12/20/day-274-obituary/index.html]
[ambersway.com/2018/12/20/day-274-obituary/feed/index.html]
[ambersway.com/2018/12/24/day-278-angels-among-us/index.html]
[ambersway.com/2018/12/24/day-278-angels-among-us/feed/index.html]
[ambersway.com/2018/12/31/day-285-new-years-resolution/feed/index.html]
[2.gravatar.com/avatar/b0804dac9b5d21b7adfbf3e98e4904225055.png]
[0.gravatar.com/avatar/36ddfca545f77435f792446da5d981865055.png]
[ambersway.com/2018/12/31/day-285-new-years-resolution/index.html]
[ambersway.com/2019/03/22/day-366-from-hell-to-heaven/feed/index.html]
[2.gravatar.com/avatar/e869088c28790ccdc46303c0fb82ff915055.png]
[0.gravatar.com/avatar/cc4b9acb6d557bb8f65dbf2c79c663e55055.png]
[ambersway.com/2019/03/22/day-366-from-hell-to-heaven/index.html]
[ambersway.com/2019/04/04/day-379-life-doesnt-stop-after-death/feed/index.html]
[amberswayblog.files.wordpress.com/2019/04/img_20190404_124435502blog-e1554396636217693c.jpg]
[2.gravatar.com/avatar/8c7853505243e75e20234e80314b0e9a5055.png]
[2.gravatar.com/avatar/bb71bcf3ba57f1a94a71b4cbb7227d975055.png]
[ambersway.com/2019/04/04/day-379-life-doesnt-stop-after-death/index.html]
[s0.wp.com/_static/index5617.html]
[gmpg.org/xfn/.html]
[gmpg.org/xfn/intro.html]
[gmpg.org/xfn/faq.html]
[s0.wp.com/_static/index025e.html]
[ambersway.com/author/caronsmith280318/index.html]
[s0.wp.com/wp-includes/js/mediaelement/mejs-controls.svg]
[ambersway.com/author/forsetti/index.html]
[amberswayblog.files.wordpress.com/2018/04/img_20180401_0756464829.jpg]
[s0.wp.com/_static/indexb46b.html]
[ambersway.com/author/caronsmith280318/feed/index.html]
[ambersway.com/author/forsetti/feed/index.html]
[ambersway.com/2018/04/25/day-35-bacon-🥓/index-2.html]
[ambersway.com/cdn-cgi/l/email-protection.html]
[s0.wp.com/_static/index0b92.html]
[s0.wp.com/wp-content/plugins/coblocks/2.18.1-simple-rev.3/dist/images/social/twitter.svg]
[ambersway.com/feed/index.html]
[amberswayblog.wordpress.com/index.html]
[ambersway.com/comments/feed/index.html]
[fonts-api.wp.com/index.html]
[public-api.wordpress.com/oembed/index9c4e.html]
[amberswayblog.wordpress.com/xmlrpc0db0.php]
[public-api.wordpress.com/oembed/index10c3.html]
[s0.wp.com/wp-includes/wlwmanifest.xml]
[s0.wp.com/wp-content/mu-plugins/global-print/global-printa1cf.css]
[s1.wp.com/opensearch.xml]
[s0.wp.com/wp-content/themes/h4/global21a2.css]
[amberswayblog.files.wordpress.com/2018/03/psx_20180329_08483619939.jpg]
[amberswayblog.files.wordpress.com/2018/03/psx_20180329_0848361ad83.jpg]
[amberswayblog.files.wordpress.com/2018/03/cropped-img_20180119_1719553.jpg]
[amberswayblog.files.wordpress.com/2018/03/dsc003903401656035197076267.jpg]
[amberswayblog.files.wordpress.com/2018/03/img_20180330_214324165354935.jpg]
[amberswayblog.files.wordpress.com/2018/03/img_20180330_1139421028595568.jpg]
[amberswayblog.files.wordpress.com/2018/04/img_20180401_0756461947066827.jpg]
[amberswayblog.files.wordpress.com/2018/04/img_20180403_065535813485151.jpg]
[amberswayblog.files.wordpress.com/2018/04/img_20180412_1437131732088629.jpg]
[amberswayblog.files.wordpress.com/2018/04/img_20180420_10491626380613076158696915.jpg]
[amberswayblog.files.wordpress.com/2018/04/signal-2018-04-30-2011272944859534021307549.jpg]
[amberswayblog.files.wordpress.com/2018/05/img_20180510_111643302-e1525985513474.png]
[amberswayblog.files.wordpress.com/2018/05/img_20180513_113512443-1-01319120516924340818.jpg]
[amberswayblog.files.wordpress.com/2018/05/mugsley-4in.jpg]
[amberswayblog.files.wordpress.com/2018/05/danceflowers.png]
[amberswayblog.files.wordpress.com/2018/06/radiation-crew-e1530224470849.jpg]
[amberswayblog.files.wordpress.com/2018/07/bikeblogc6eb.jpg]
[s0.wp.com/wp-content/mu-plugins/actionbar/actionbar2866.css]
[s0.wp.com/_static/index5617.html]
[ambersway.com/2018/03/22/day-1-carons-morning/feed/index.html]
[ambersway.com/2018/03/27/amber-update-day-6-early-edition/feed/index.html]
[amberswayblog.files.wordpress.com/2018/08/img_20180813_17032110226890536450112265711.jpg]
[gmpg.org/xfn/default.css]
[ambersway.com/2018/03/28/day-7-a-blog/feed/index.html]
[ambersway.com/2018/03/28/day-7-wed-march-28th/feed/index.html]
[s0.wp.com/_static/indexb46b.html]
[amberswayblog.files.wordpress.com/2018/09/null.png]
[ambersway.com/2018/03/29/day-8-morning-edition/feed/index.html]
[amberswayblog.files.wordpress.com/2019/04/img_20190404_124435502blog-e155439663621736cc.jpg]
[ambersway.com/2018/03/29/day-8-late-edition/feed/index.html]
[ambersway.com/2018/03/30/day-9-morning/feed/index.html]
[amberswayblog.files.wordpress.com/2018/03/cropped-img_20180119_17195536b8b.jpg]
[ambersway.com/2018/03/30/day-9-evening-edition/feed/index.html]
[2.gravatar.com/avatar/2510e8266fc2dd69902992940ce234e05055.png]
[ambersway.com/2018/03/30/so-much-love-support/feed/index.html]
[0.gravatar.com/avatar/fa2aa4513e0f5c80c43d3b1de1caaca65055.png]
[amberswayblog.files.wordpress.com/2018/03/dsc0039034016560351970762674829.jpg]
[ambersway.com/2018/03/30/father-charlie-a-blessed/feed/index.html]
[ambersway.com/2018/03/31/day-10/feed/index.html]
[ambersway.com/2018/04/01/day-11-easter/feed/index.html]
[amberswayblog.files.wordpress.com/2018/03/img_20180330_2143241653549354829.jpg]
[amberswayblog.files.wordpress.com/2018/03/img_20180330_11394210285955684829.jpg]
[ambersway.com/2018/04/02/day-12-a-thumbs-up/feed/index.html]
[ambersway.com/2018/04/03/day-13-the-elephant-and-the-whale/feed/index.html]
[ambersway.com/2018/04/04/day-14-my-super-hero/feed/index.html]
[0.gravatar.com/avatar/f7f88c7aec96e39fb1c1d494e53f01df5055.png]
[amberswayblog.files.wordpress.com/2018/04/img_20180401_075646cc46.jpg]
[ambersway.com/2018/04/05/day-15-elephant-steaks/feed/index.html]
[ambersway.com/2018/04/05/day-15-evening-edition/feed/index.html]
[ambersway.com/2018/04/06/day-16-evening-edition/feed/index.html]
[ambersway.com/2018/04/07/day-17-a-note-of-thanks/feed/index.html]
[amberswayblog.files.wordpress.com/2018/04/img_20180401_07564619470668274829.jpg]
[ambersway.com/2018/04/07/day-17-evening-addition/feed/index.html]
[ambersway.com/2018/04/08/day-18-a-day-of-rest/feed/index.html]
[ambersway.com/2018/04/09/day-19-a-moving-day/feed/index.html]
[ambersway.com/2018/04/10/day-20-cool-blue/feed/index.html]
[ambersway.com/2018/04/11/day-21-ice-cream-for-breakfast/feed/index.html]
[ambersway.com/2018/04/12/day-22-snuggle-time/feed/index.html]
[ambersway.com/2018/04/12/day-22-evening-addition/feed/index.html]
[0.gravatar.com/avatar/f01eaefa076c2c239d02edfee13a46c45055.png]
[amberswayblog.files.wordpress.com/2018/04/img_20180403_0655358134851514829.jpg]
[ambersway.com/2018/04/13/day-23-she-blew-me-a-kiss/feed/index.html]
[ambersway.com/2018/04/13/day-23-late-edition/feed/index.html]
[ambersway.com/2018/04/15/day-25-sunday-rest-day/feed/index.html]
[ambersway.com/2018/04/14/day-24-a-word-is-worth-a-thousand-pictures/feed/index.html]
[ambersway.com/2018/04/16/day-26-looking-good/feed/index.html]
[ambersway.com/2018/04/18/day-27-pudding-a-graham-cracker-juice-oh-my/feed/index.html]
[ambersway.com/2018/04/18/day-28-the-voice-of-an-angel/feed/index.html]
[ambersway.com/2018/04/19/day-29-4-weeks/feed/index.html]
[ambersway.com/2018/04/21/day-31-day-31-really/feed/index.html]
[ambersway.com/2018/04/22/day-32-questions-and-some-spinach/feed/index.html]
[ambersway.com/2018/04/23/day-33-busy-monday/feed/index.html]
[ambersway.com/2018/04/24/day-34-stand-up-cheer/feed/index.html]
[ambersway.com/2018/04/25/day-35-bacon-🥓/feed/index.html]
[ambersway.com/2018/04/26/day-36-tiny-but-mighty-steps/feed/index.html]
[ambersway.com/2018/04/27/day-37-superhero-day/feed/index.html]
[0.gravatar.com/avatar/9a008f2800b770a1f26639844f13fb5b5055.png]
[amberswayblog.files.wordpress.com/2018/04/img_20180412_14371317320886294829.jpg]
[ambersway.com/2018/04/28/day-38-be-not-afraid/feed/index.html]
[ambersway.com/2018/04/29/day-39-the-start-to-a-big-week-ahead/feed/index.html]
[ambersway.com/2018/04/30/day-40-bracing-ourselves/feed/index.html]
[amberswayblog.files.wordpress.com/2018/04/img_20180420_104916263806130761586969154829.jpg]
[ambersway.com/2018/05/01/day-41-its-not-quite-brain-surgery/feed/index.html]
[ambersway.com/2018/05/02/day-42-steps-in-the-journey/feed/index.html]
[2.gravatar.com/avatar/eb0c6ba01d23f01c8632ad8a5b53ce885055.png]
[ambersway.com/2018/05/03/day-43-surgery-went-well/feed/index.html]
[amberswayblog.files.wordpress.com/2018/04/img_20180427_114025-e15248832789614829.jpg]
[ambersway.com/2018/05/04/day-44-here-be-dragons/feed/index.html]
[ambersway.com/2018/05/05/day-45-50-feet-counting/feed/index.html]
[ambersway.com/2018/05/06/day-46-love-support-and-encouragement/feed/index.html]
[ambersway.com/2018/05/07/day-47-ambers-way/feed/index.html]
[ambersway.com/2018/05/08/day-48-almost-there/feed/index.html]
[ambersway.com/2018/05/09/day-49-theres-no-place-like-home/feed/index.html]
[ambersway.com/2018/05/10/day-50-were-home/feed/index.html]
[2.gravatar.com/avatar/e0f6e0e1ac0e5fb6c253558eada2a6275055.png]
[amberswayblog.files.wordpress.com/2018/04/signal-2018-04-30-20112729448595340213075494829.jpg]
[amberswayblog.files.wordpress.com/2018/05/img_1066-0244229584135025307234829.jpg]
[2.gravatar.com/avatar/86b6b770570a2b0d2da7b16d9f6ca3e85055.png]
[amberswayblog.files.wordpress.com/2018/05/img_20180510_092001489-e15259849706554829.png]
[amberswayblog.files.wordpress.com/2018/05/img_20180510_111643302-e15259855134744829.png]
[ambersway.com/2018/05/11/day-51-simple-laughter/feed/index.html]
[ambersway.com/2018/05/12/day-52-the-first-bite-of-the-whale/feed/index.html]
[2.gravatar.com/avatar/bf0b61bd8b7d4a077a05ff0cfac5b85c5055.png]
[amberswayblog.files.wordpress.com/2018/05/20180510_1250284829.png]
[ambersway.com/2018/05/13/day-53-ultimate-mothers-day/feed/index.html]
[amberswayblog.files.wordpress.com/2018/05/20180510_1640444829.png]
[2.gravatar.com/avatar/bf157f0cefce4919616c937443f5c0605055.png]
[2.gravatar.com/avatar/bf157f0cefce4919616c937443f5c0605055.png]
[ambersway.com/2018/05/14/day-54-adjusting-well/feed/index.html]
[amberswayblog.files.wordpress.com/2018/05/radmask-e15261673015974829.jpg]
[ambersway.com/2018/05/15/day-55-a-better-understanding/feed/index.html]
[ambersway.com/2018/05/16/day-56-therapies/feed/index.html]
[ambersway.com/2018/05/17/day-57-radiation-countdown/feed/index.html]
[ambersway.com/2018/05/18/day-58-the-beat-of-her-own-drum/feed/index.html]
[ambersway.com/2018/05/19/day-59-sundae-saturday/feed/index.html]
[amberswayblog.files.wordpress.com/2018/05/img_20180513_113512443-1-013191205169243408184829.jpg]
[0.gravatar.com/avatar/90e77f20c59933967bbdddcb61bc4a3d5055.png]
[amberswayblog.files.wordpress.com/2018/05/amberhw-e15263519658137271.jpg]
[ambersway.com/2018/05/20/day-60-another-quiet-sunday/feed/index.html]
[ambersway.com/2018/05/21/day-61-an-almost-perfect-day/feed/index.html]
[ambersway.com/2018/05/22/day-62-lives-touched/feed/index.html]
[ambersway.com/2018/05/23/day-63-not-enough-time-in-the-day/feed/index.html]
[ambersway.com/2018/05/24/day-64-vitamin-d-and-puppy-love/feed/index.html]
[1.gravatar.com/avatar/7a2bd1017d131b7ec9db92c5e1f8ea655055.png]
[amberswayblog.files.wordpress.com/2018/05/amber_sundae-800x640592b.jpg]
[ambersway.com/2018/05/25/day-65-ambers-selfless-wish/feed/index.html]
[amberswayblog.files.wordpress.com/2018/05/sundae-x800bb87.jpg]
[ambersway.com/2018/05/26/day-66-a-fairly-normal-day/feed/index.html]
[ambersway.com/2018/05/27/day-67-dance-recital/feed/index.html]
[0.gravatar.com/avatar/36b873f27f8ec2a7d86437728bbd131d5055.png]
[amberswayblog.files.wordpress.com/2018/05/mugsley-4in4829.jpg]
[amberswayblog.files.wordpress.com/2018/05/amberwish-clearer4829.png]
[ambersway.com/2018/05/28/day-68-memorial-day/feed/index.html]
[ambersway.com/2018/05/29/day-69-until-next-time-or-until-we-have-something-interesting-to-say/feed/index.html]
[amberswayblog.files.wordpress.com/2018/05/danceflowersa33b.png]
[ambersway.com/2018/06/03/day-74-a-stranger-with-the-same-fight/feed/index.html]
[0.gravatar.com/avatar/f6c6c738e2938ff721a7eb7fc3db7aa65055.png]
[0.gravatar.com/avatar/f6c6c738e2938ff721a7eb7fc3db7aa65055.png]
[ambersway.com/2018/06/04/day-75-no-more-stinkin-stitches/feed/index.html]
[ambersway.com/2018/06/07/day-78-a-special-ending-to-a-long-day/feed/index.html]
[ambersway.com/2018/06/10/day-81-our-church-away-from-church/feed/index.html]
[ambersway.com/2018/06/14/day-85-with-a-hug-i-love-you/feed/index.html]
[ambersway.com/2018/06/17/day-88-fathers-day-determination/feed/index.html]
[amberswayblog.files.wordpress.com/2018/05/outsidea43d.png]
[1.gravatar.com/avatar/7bdebac89d028915543756a12568159c5055.png]
[amberswayblog.files.wordpress.com/2018/06/amber-e15284214394594829.jpg]
[amberswayblog.files.wordpress.com/2018/06/img_20180617_122949-e1529270012188cc46.jpg]
[ambersway.com/2018/06/24/day-95-the-truth-machine/feed/index.html]
[2.gravatar.com/avatar/866e19e49ac67e79359c6f0f0e3ab0005055.png]
[amberswayblog.files.wordpress.com/2018/06/img_20180617_120600157_hdr44a5.jpg]
[ambersway.com/2018/06/28/day-99-a-bittersweet-day/feed/index.html]
[0.gravatar.com/avatar/69b801a87d57c604b7be5669d68535d25055.png]
[amberswayblog.files.wordpress.com/2018/06/img_20180617_121143607_hdr4829.jpg]
[ambersway.com/2018/07/15/day-116-the-beach-it-soothes-the-soul/feed/index.html]
[amberswayblog.files.wordpress.com/2018/06/am2-e1529879939435853a.jpg]
[0.gravatar.com/avatar/f0d09f0c4502b369745d61adc5998e305055.jpeg]
[amberswayblog.files.wordpress.com/2018/06/radiation-crew-e15302244708494829.jpg]
[amberswayblog.files.wordpress.com/2018/07/dsc01251az5f4e.jpg]
[amberswayblog.files.wordpress.com/2018/07/dsc01770z4829.jpg]
[0.gravatar.com/avatar/350ed0291cdf714adb7fa47ff005c5115055.png]
[0.gravatar.com/avatar/350ed0291cdf714adb7fa47ff005c5115055.png]
[ambersway.com/2018/07/22/day-123-ambers-way-around/feed/index.html]
[amberswayblog.files.wordpress.com/2018/07/img_20180711_152926950_hdrz-e15316896544614829.jpg]
[1.gravatar.com/avatar/da7fb51b4850b23d75d92d03ba57b4d85055.png]
[1.gravatar.com/avatar/a7cd163668c741448b93aaafaa3df0b25055.png]
[amberswayblog.files.wordpress.com/2018/07/bikeblog423a.jpg]
[2.gravatar.com/avatar/e04f3c0782831591db8a413ab21912b45055.png]
[amberswayblog.files.wordpress.com/2018/07/saltyblog6b8b.jpg]
[ambersway.com/2018/07/25/day-126-its-a-high-five-kind-of-day/feed/index.html]
[amberswayblog.files.wordpress.com/2018/07/starsandstripesblog52c4.jpg]
[ambersway.com/2018/07/29/day-130-turns-out-this-week-was-pretty-awesome/feed/index.html]
[ambersway.com/2018/08/14/day-145-a-twist-of-fate/feed/index.html]
[2.gravatar.com/avatar/2cc2c677f2c6aa2d546ae8673dc888eb5055.png]
[amberswayblog.files.wordpress.com/2018/07/forblog4829.jpg]
[amberswayblog.files.wordpress.com/2018/07/maw-hi4829.png]
[ambersway.com/2018/08/26/day-158-wishes-do-come-true/feed/index.html]
[2.gravatar.com/avatar/2e5d656397a463d311e49ee2787a57e35055.png]
[amberswayblog.files.wordpress.com/2018/08/img_20180813_170321102268905364501122657114829.jpg]
[amberswayblog.files.wordpress.com/2018/08/img_20180814_0903247762-01-0171870156630253270414829.jpg]
[2.gravatar.com/avatar/8758cb7e5e28c3bebd3482d0a51e308c5055.png]
[amberswayblog.files.wordpress.com/2018/08/bloga8fc9.jpg]
[amberswayblog.files.wordpress.com/2018/08/blogba2e5.jpg]
[2.gravatar.com/avatar/83b8019276a02f4c10e8fdca7e8195635055.png]
[amberswayblog.files.wordpress.com/2018/08/blogc8fc9.jpg]
[0.gravatar.com/avatar/f9057f5b4ac1c11c8668db5743ba24335055.png]
[amberswayblog.files.wordpress.com/2018/08/blogpa2e5.jpg]
[amberswayblog.files.wordpress.com/2018/08/blogda2e5.jpg]
[amberswayblog.files.wordpress.com/2018/08/blogf155c.jpg]
[1.gravatar.com/avatar/447f8202d9e0e48ed8381535a391a7695055.png]
[amberswayblog.files.wordpress.com/2018/08/bloge0d99.jpg]
[amberswayblog.files.wordpress.com/2018/08/blogg155c.jpg]
[2.gravatar.com/avatar/b29aae59c3135f9149acd3888aee25ef5055.png]
[amberswayblog.files.wordpress.com/2018/08/blogj8fc9.jpg]
[0.gravatar.com/avatar/306ef7bab01534fa03dd6606ff5052155055.png]
[amberswayblog.files.wordpress.com/2018/08/blogi8fc9.jpg]
[amberswayblog.files.wordpress.com/2018/08/blogh155c.jpg]
[amberswayblog.files.wordpress.com/2018/08/blogm155c.jpg]
[ambersway.com/2018/09/02/day-165-the-proof-is-in-the-prayer/feed/index.html]
[0.gravatar.com/avatar/63166e7cb763a310edffb5a0715774385055.png]
[amberswayblog.files.wordpress.com/2018/08/blogk8fc9.jpg]
[amberswayblog.files.wordpress.com/2018/08/blogn4829.jpg]
[ambersway.com/2018/09/07/day-170-lost-a-battle-but-the-war-isnt-over/feed/index.html]
[ambersway.com/2018/09/12/day-175-next-step/feed/index.html]
[ambersway.com/2018/09/13/day-176-waiting/feed/index.html]
[ambersway.com/2018/09/14/day-177-good-news/feed/index.html]
[ambersway.com/2018/09/17/day-180-superheroes-pay-it-forward/feed/index.html]
[0.gravatar.com/avatar/f29dc4c30bdc17d0201bd102f53d04e95055.png]
[amberswayblog.files.wordpress.com/2018/09/blogbb09e.jpg]
[0.gravatar.com/avatar/c3259908fdf5de07ab27eb9a61d5dd915055.png]
[ambersway.com/2018/09/25/day-188-a-rainy-day-in-nyc/feed/index.html]
[amberswayblog.files.wordpress.com/2018/09/bloga4829.jpg]
[s0.wp.com/wp-content/mu-plugins/jetpack-plugin/production/modules/theme-tools/responsive-videos/responsive-videos2caa.css]
[ambersway.com/2018/09/28/day-191-big-hope-in-the-big-apple-and-some-big-sadness-too/feed/index.html]
[ambersway.com/2018/10/02/day-195-round-1/feed/index.html]
[ambersway.com/2018/10/04/day-197-happy-7th-year-of-life-amber-grace/feed/index.html]
[amberswayblog.files.wordpress.com/2018/09/nulld11c.png]
[amberswayblog.files.wordpress.com/2018/09/null15596.png]
[2.gravatar.com/avatar/8d9ad098c5519522285669dcfed1adfe5055.png]
[amberswayblog.files.wordpress.com/2018/10/dsc03824abl155c.jpg]
[ambersway.com/2018/10/21/day-214-a-heartfelt-thank-you-whats-next/feed/index.html]
[ambersway.com/2018/10/23/day-216-round-2-in-nyc/feed/index.html]
[amberswayblog.files.wordpress.com/2018/10/dsc03976abl155c.jpg]
[ambersway.com/2018/11/03/day-227-a-very-happy-halloween-next-mri/feed/index.html]
[2.gravatar.com/avatar/b5c0eb5cbf0481447c625660283b124d5055.png]
[2.gravatar.com/avatar/b5c0eb5cbf0481447c625660283b124d5055.png]
[ambersway.com/2018/11/05/day-229-maybe/feed/index.html]
[ambersway.com/2018/11/25/day-249-being-thankful/feed/index.html]
[ambersway.com/2018/12/03/day-257-a-let-down-day/feed/index.html]
[ambersway.com/2018/12/08/day-262-speed-bump/feed/index.html]
[amberswayblog.files.wordpress.com/2018/10/dsc04021abl155c.jpg]
[ambersway.com/2018/12/09/day-263-morning-update/feed/index.html]
[ambersway.com/2018/12/11/day-265-heavy-hearts/feed/index.html]
[ambersway.com/2018/12/13/day-267-peace-calm-comfort/feed/index.html]
[ambersway.com/2018/12/15/day-269/feed/index.html]
[ambersway.com/2018/12/16/day-270-not-much-longer/feed/index.html]
[ambersway.com/2018/12/17/day-271-keeping-it-sassy/feed/index.html]
[ambersway.com/2018/12/17/day-271-monday-december-17-2018-455-pm-est/feed/index.html]
[ambersway.com/2018/12/18/day-272-revisiting-day-271/feed/index.html]
[ambersway.com/2018/12/19/day-273-planning-the-services/feed/index.html]
[ambersway.com/2018/12/20/day-274-obituary/feed/index.html]
[2.gravatar.com/avatar/bf891d0b9adb2e3d82a2257136e9b8805055.png]
[ambersway.com/2019/03/22/day-366-from-hell-to-heaven/feed/index.html]
[ambersway.com/2018/12/31/day-285-new-years-resolution/feed/index.html]
[2.gravatar.com/avatar/bf891d0b9adb2e3d82a2257136e9b8805055.png]
[ambersway.com/2019/04/04/day-379-life-doesnt-stop-after-death/feed/index.html]
[ambersway.com/author/caronsmith280318/feed/index.html]
[amberswayblog.files.wordpress.com/2018/11/img_20181031_180733246ablog4829.jpg]
[1.gravatar.com/avatar/ad078190dffc82c68895e63ea7006ee65055.png]
[amberswayblog.files.wordpress.com/2019/04/img_20190404_124435502blog-e1554396636217693c.jpg]
[2.gravatar.com/avatar/2dd4b37e1ad251a647802d774924b7365055.png]
[2.gravatar.com/avatar/2dd4b37e1ad251a647802d774924b7365055.png]
[amberswayblog.files.wordpress.com/2018/04/img_20180401_0756464829.jpg]
[0.gravatar.com/avatar/c6c0e955cc86aa78c4fe743006b6162b5055.png]
[1.gravatar.com/avatar/7dee08c201182ecbbb7e97e3a84081335055.png]
[0.gravatar.com/avatar/f7a115cb85016c1ba0b2861859f9a3fa5055.png]
[2.gravatar.com/avatar/b8b780f4e5c65eb523f956875225df0d5055.png]
[0.gravatar.com/avatar/65f1645e0000e3c120968e5469ade3475055.png]
[1.gravatar.com/avatar/db82a953b6effde64a65d57a299d195c5055.png]
[0.gravatar.com/avatar/38813c49f6f3cf5e09bb5474d458076f5055.png]
[2.gravatar.com/avatar/5ad27c9bcee42622f723458c793a33335055.png]
[1.gravatar.com/avatar/4375188f983ecf56d95e6326d4ffeaca5055.png]
[0.gravatar.com/avatar/6b3f26ba78ffb48a1d2cbf6f5b6f6f7a5055.png]
[2.gravatar.com/avatar/805e6f154952b6d4f42c4ed2b10a6a6a5055.jpeg]
[1.gravatar.com/avatar/7fadadd2cfa08616a43a2f8859b4b7705055.png]
[2.gravatar.com/avatar/5ae693acb51ed797fd90c9eb92cc9f735055.png]
[2.gravatar.com/avatar/2155910e71eee6b12b5093244127be8e5055.png]
[1.gravatar.com/avatar/aae44ea27c827954704ea4bc8ef6b7775055.png]
[1.gravatar.com/avatar/d53fb3d81c03912f1690efb4253456c15055.png]
[1.gravatar.com/avatar/a555c9752ddb8dd001e45daf46948d915055.png]
[0.gravatar.com/avatar/c19f96c306e14b95af8b7929be6101755055.png]
[2.gravatar.com/avatar/87e37741b72749b7f741043cd53375285055.jpeg]
[1.gravatar.com/avatar/7874bfded2b899d8c9766b8e5d13777d5055.png]
[s0.wp.com/_static/index0b92.html]
[2.gravatar.com/avatar/5487ede149309210c651293a43b6bdde5055.png]
[0.gravatar.com/avatar/61d1c812e8f6f1b39a4759996ce079dc5055.png]
[0.gravatar.com/avatar/c9896237af51f306c5d32520597c3b095055.png]
[1.gravatar.com/avatar/7f76d84bf939e7745a6845aa787db7305055.png]
[0.gravatar.com/avatar/c08a2ff9aea26b289c7a471e9eec309c5055.png]
[0.gravatar.com/avatar/04faa51f407f8dfc006813bca5c553625055.png]
[2.gravatar.com/avatar/ede2949efab393a9fec1d73ac29c06275055.png]
[1.gravatar.com/avatar/4adabb41ecf1892a235a0d1e26eebb4a5055.png]
[0.gravatar.com/avatar/0e0400f1fc01225f2d7359d99989100c5055.png]
[1.gravatar.com/avatar/12799ce40c153363e830bce176ae1a0f5055.png]
[2.gravatar.com/avatar/b0804dac9b5d21b7adfbf3e98e4904225055.png]
[2.gravatar.com/avatar/e869088c28790ccdc46303c0fb82ff915055.png]
[2.gravatar.com/avatar/8c7853505243e75e20234e80314b0e9a5055.png]
[s0.wp.com/wp-includes/js/mediaelement/mejs-controls.svg]
[s0.wp.com/wp-content/plugins/coblocks/2.18.1-simple-rev.3/dist/images/lightbox/arrow-left.svg]
[s0.wp.com/wp-content/plugins/coblocks/2.18.1-simple-rev.3/dist/images/lightbox/arrow-right.svg]
[s0.wp.com/wp-content/plugins/coblocks/2.18.1-simple-rev.3/dist/images/lightbox/close.svg]
[s0.wp.com/wp-content/plugins/coblocks/2.18.1-simple-rev.3/dist/images/social/twitter.svg]
[ambersway.com/2018/03/28/day-7-wed-march-28th/index.html]
[ambersway.com/2018/03/30/day-9-evening-edition/index.html]
[ambersway.com/2018/03/30/father-charlie-a-blessed/index.html]
[ambersway.com/2018/04/02/day-12-a-thumbs-up/index.html]
[ambersway.com/2018/04/05/day-15-elephant-steaks/index.html]
[ambersway.com/2018/04/12/day-22-evening-addition/index.html]
[ambersway.com/2018/04/21/day-31-day-31-really/index.html]
[ambersway.com/2018/05/01/day-41-its-not-quite-brain-surgery/index.html]
[ambersway.com/2018/05/04/day-44-here-be-dragons/index.html]
[ambersway.com/2018/05/11/day-51-simple-laughter/index.html]
[ambersway.com/2018/05/14/day-54-adjusting-well/index.html]
[ambersway.com/2018/05/15/day-55-a-better-understanding/index.html]
[ambersway.com/2018/05/20/day-60-another-quiet-sunday/index.html]
[ambersway.com/2018/05/25/day-65-ambers-selfless-wish/index.html]
[ambersway.com/2018/05/26/day-66-a-fairly-normal-day/index.html]
[ambersway.com/2018/05/28/day-68-memorial-day/index.html]
[ambersway.com/2018/06/10/day-81-our-church-away-from-church/index.html]
[ambersway.com/2018/06/24/day-95-the-truth-machine/index.html]
[ambersway.com/2018/06/28/day-99-a-bittersweet-day/index.html]
[ambersway.com/2018/07/15/day-116-the-beach-it-soothes-the-soul/index.html]
[ambersway.com/2018/07/22/day-123-ambers-way-around/index.html]
[ambersway.com/2018/07/25/day-126-its-a-high-five-kind-of-day/index.html]
[ambersway.com/2018/08/14/day-145-a-twist-of-fate/index.html]
[ambersway.com/2018/08/26/day-158-wishes-do-come-true/index.html]
[ambersway.com/2018/09/02/day-165-the-proof-is-in-the-prayer/index.html]
[ambersway.com/2018/09/07/day-170-lost-a-battle-but-the-war-isnt-over/index.html]
[ambersway.com/2018/09/25/day-188-a-rainy-day-in-nyc/index.html]
[ambersway.com/2018/10/21/day-214-a-heartfelt-thank-you-whats-next/index.html]
[ambersway.com/2018/11/05/day-229-maybe/index.html]
[stats.wp.com/w03af.js]
[pixel.wp.com/b0b80.gif]
[ambersway.com/author/forsetti/index.html]
[ambersway.com/2018/04/25/day-35-bacon-🥓/index-2.html]
